p276_412_muddy|wavs/p253_089.wav|How about making the voice a bit muddier?|wavs/p276_412.wav
p276_412_round|wavs/p362_213.wav|I'd like the voice to come across as rounder.|wavs/p276_412.wav
p276_412_flat|wavs/p310_424.wav|Make this voice sound flatter.|wavs/p276_412.wav
p277_302_coarse|wavs/p276_256.wav|I want this voice to sound a bit coarser.|wavs/p277_302.wav
p277_302_hoarse|wavs/p249_103.wav|I'd love a slightly hoarser sound for this voice.|wavs/p277_302.wav
p277_302_magnetic|wavs/p240_352.wav|I want the voice to take on a more magnetic vibe.|wavs/p277_302.wav
p295_320_muddy|wavs/p341_269.wav|Give the voice a slightly muddier character.|wavs/p295_320.wav
p295_320_low|wavs/p236_380.wav|Tune this voice so it sounds a little lower.|wavs/p295_320.wav
p295_320_thin|wavs/p282_108.wav|I want the voice to take on a thinner vibe.|wavs/p295_320.wav
p236_307_shriveled|wavs/p231_372.wav|I want this voice to sound a bit more shriveled.|wavs/p236_307.wav
p236_307_slim|wavs/p268_040.wav|I'd love a slightly slimmer sound for this voice.|wavs/p236_307.wav
p236_307_shrill|wavs/p306_058.wav|I want the voice to take on a shriller vibe.|wavs/p236_307.wav
p311_151_hoarse|wavs/p298_078.wav|Render this voice with a hoarser tone.|wavs/p311_151.wav
p311_151_rich|wavs/p287_277.wav|I'm hoping this voice can sound richer.|wavs/p311_151.wav
p311_151_coarse|wavs/p232_260.wav|I'd like this voice to sound somewhat coarser.|wavs/p311_151.wav
p374_045_slim|wavs/p254_227.wav|Let's lean this voice toward a slimmer quality.|wavs/p374_045.wav
p374_045_low|wavs/p232_099.wav|Could the voice come out a little lower?|wavs/p374_045.wav
p374_045_bright|wavs/p287_410.wav|How about making the voice a bit brighter?|wavs/p374_045.wav
p311_228_coarse|wavs/p255_111.wav|I want the voice to take on a coarser vibe.|wavs/p311_228.wav
p311_228_muffled|wavs/p254_099.wav|Could you make this voice a touch more muffled?|wavs/p311_228.wav
p311_228_rich|wavs/p287_062.wav|I'm hoping this voice can sound richer.|wavs/p311_228.wav
p312_105_slim|wavs/p362_020.wav|Can you give this voice a slimmer feel?|wavs/p312_105.wav
p312_105_muddy|wavs/p249_073.wav|Could you make this voice a touch muddier?|wavs/p312_105.wav
p312_105_coarse|wavs/p299_189.wav|Adjust the voice so it feels coarser.|wavs/p312_105.wav
p236_089_shrill|wavs/p234_340.wav|Let's lean this voice toward a shriller quality.|wavs/p236_089.wav
p236_089_soft|wavs/p248_368.wav|I'd love a slightly softer sound for this voice.|wavs/p236_089.wav
p236_089_bright|wavs/p343_165.wav|I want the voice to take on a brighter vibe.|wavs/p236_089.wav
p236_260_shriveled|wavs/p231_217.wav|Let's lean this voice toward a more shriveled quality.|wavs/p236_260.wav
p236_260_soft|wavs/p248_306.wav|Could you make this voice a touch softer?|wavs/p236_260.wav
p236_260_bright|wavs/p351_124.wav|Push this voice toward something brighter.|wavs/p236_260.wav
p265_177_muddy|wavs/p253_222.wav|I'd like the voice to come across as muddier.|wavs/p265_177.wav
p265_177_pure|wavs/p225_030.wav|I want the voice to take on a purer vibe.|wavs/p265_177.wav
p265_177_thin|wavs/p234_149.wav|Make this voice sound thinner.|wavs/p265_177.wav
p276_214_pure|wavs/p238_297.wav|Make this voice sound purer.|wavs/p276_214.wav
p276_214_slim|wavs/p277_107.wav|Push this voice toward something slimmer.|wavs/p276_214.wav
p276_214_coarse|wavs/p303_001.wav|Could you make this voice a touch coarser?|wavs/p276_214.wav
p243_071_low|wavs/p260_223.wav|I'm hoping this voice can sound lower.|wavs/p243_071.wav
p243_071_coarse|wavs/p258_304.wav|How about making the voice a bit coarser?|wavs/p243_071.wav
p243_071_soft|wavs/p251_170.wav|Can you give this voice a softer feel?|wavs/p243_071.wav
p374_373_soft|wavs/p304_417.wav|Shape this voice to be softer.|wavs/p374_373.wav
p374_373_slim|wavs/p254_009.wav|Let's lean this voice toward a slimmer quality.|wavs/p374_373.wav
p374_373_bright|wavs/p316_093.wav|I'd like the voice to come across as brighter.|wavs/p374_373.wav
p227_024_transparent|wavs/p304_056.wav|I'm hoping this voice can sound more transparent.|wavs/p227_024.wav
p227_024_shriveled|wavs/p259_381.wav|I'd love a slightly more shriveled sound for this voice.|wavs/p227_024.wav
p227_024_low|wavs/p247_413.wav|I'd like this voice to sound somewhat lower.|wavs/p227_024.wav
p312_407_rich|wavs/p248_179.wav|Could you make this voice a touch richer?|wavs/p312_407.wav
p312_407_pure|wavs/p335_189.wav|Give the voice a slightly purer character.|wavs/p312_407.wav
p312_407_coarse|wavs/p250_421.wav|Make this voice sound coarser.|wavs/p312_407.wav
p227_038_transparent|wavs/p304_227.wav|Tune this voice so it sounds a little more transparent.|wavs/p227_038.wav
p227_038_muffled|wavs/p302_038.wav|Could the voice come out a little more muffled?|wavs/p227_038.wav
p227_038_pure|wavs/p374_305.wav|Can you give this voice a purer feel?|wavs/p227_038.wav
p312_348_flat|wavs/p294_039.wav|Can you give this voice a flatter feel?|wavs/p312_348.wav
p312_348_muddy|wavs/p265_183.wav|Can you give this voice a muddier feel?|wavs/p312_348.wav
p312_348_bright|wavs/p306_274.wav|How about making the voice a bit brighter?|wavs/p312_348.wav
p227_160_muffled|wavs/p302_132.wav|I want this voice to sound a bit more muffled.|wavs/p227_160.wav
p227_160_transparent|wavs/p304_136.wav|Push this voice toward something more transparent.|wavs/p227_160.wav
p227_160_coarse|wavs/p292_167.wav|Can you give this voice a coarser feel?|wavs/p227_160.wav
p374_056_hoarse|wavs/p226_356.wav|I'd love a slightly hoarser sound for this voice.|wavs/p374_056.wav
p374_056_coarse|wavs/p247_022.wav|Tune this voice so it sounds a little coarser.|wavs/p374_056.wav
p374_056_bright|wavs/p287_014.wav|Could you make this voice a touch brighter?|wavs/p374_056.wav
p265_024_muffled|wavs/p233_193.wav|I'd love a slightly more muffled sound for this voice.|wavs/p265_024.wav
p265_024_muddy|wavs/p253_056.wav|Render this voice with a muddier tone.|wavs/p265_024.wav
p265_024_pure|wavs/p312_220.wav|I'd like the voice to come across as purer.|wavs/p265_024.wav
p292_259_muffled|wavs/p260_098.wav|Can you give this voice a more muffled feel?|wavs/p292_259.wav
p292_259_low|wavs/p241_277.wav|Could you make this voice a touch lower?|wavs/p292_259.wav
p292_259_bright|wavs/p287_100.wav|Give the voice a slightly brighter character.|wavs/p292_259.wav
p254_388_rich|wavs/p302_144.wav|I'd love a slightly richer sound for this voice.|wavs/p254_388.wav
p254_388_low|wavs/p259_361.wav|Could the voice come out a little lower?|wavs/p254_388.wav
p254_388_coarse|wavs/p302_305.wav|I want this voice to sound a bit coarser.|wavs/p254_388.wav
p236_390_shriveled|wavs/p231_130.wav|I'd love a slightly more shriveled sound for this voice.|wavs/p236_390.wav
p236_390_slim|wavs/p336_336.wav|Push this voice toward something slimmer.|wavs/p236_390.wav
p236_390_shrill|wavs/p225_158.wav|Could you make this voice a touch shriller?|wavs/p236_390.wav
p236_094_bright|wavs/p343_053.wav|I want the voice to take on a brighter vibe.|wavs/p236_094.wav
p236_094_soft|wavs/p248_341.wav|I'm hoping this voice can sound softer.|wavs/p236_094.wav
p236_094_shrill|wavs/p238_232.wav|Could you make this voice a touch shriller?|wavs/p236_094.wav
p243_163_coarse|wavs/p251_079.wav|Can you give this voice a coarser feel?|wavs/p243_163.wav
p243_163_soft|wavs/p251_111.wav|How about making the voice a bit softer?|wavs/p243_163.wav
p243_163_bright|wavs/p311_079.wav|Shape this voice to be brighter.|wavs/p243_163.wav
p292_318_thin|wavs/p237_126.wav|Render this voice with a thinner tone.|wavs/p292_318.wav
p292_318_slim|wavs/p227_361.wav|Give the voice a slightly slimmer character.|wavs/p292_318.wav
p292_318_soft|wavs/p304_220.wav|Tune this voice so it sounds a little softer.|wavs/p292_318.wav
p292_233_pure|wavs/p311_064.wav|Shape this voice to be purer.|wavs/p292_233.wav
p292_233_soft|wavs/p304_059.wav|I'd like this voice to sound somewhat softer.|wavs/p292_233.wav
p292_233_flat|wavs/p345_154.wav|Try making the voice sound flatter.|wavs/p292_233.wav
p243_385_soft|wavs/p251_105.wav|Push this voice toward something softer.|wavs/p243_385.wav
p243_385_bright|wavs/p326_225.wav|I want this voice to sound a bit brighter.|wavs/p243_385.wav
p243_385_low|wavs/p260_273.wav|I'd like the voice to come across as lower.|wavs/p243_385.wav
p243_056_soft|wavs/p251_210.wav|Render this voice with a softer tone.|wavs/p243_056.wav
p243_056_pure|wavs/p311_404.wav|Shape this voice to be purer.|wavs/p243_056.wav
p243_056_muddy|wavs/p376_227.wav|How about making the voice a bit muddier?|wavs/p243_056.wav
p265_058_pure|wavs/p297_363.wav|I'm hoping this voice can sound purer.|wavs/p265_058.wav
p265_058_shriveled|wavs/p240_097.wav|Shape this voice to be more shriveled.|wavs/p265_058.wav
p265_058_muffled|wavs/p233_023.wav|Shape this voice to be more muffled.|wavs/p265_058.wav
p295_033_thin|wavs/p248_283.wav|Tune this voice so it sounds a little thinner.|wavs/p295_033.wav
p295_033_hoarse|wavs/p225_153.wav|Bring out a hoarser quality in this voice.|wavs/p295_033.wav
p295_033_flat|wavs/p329_207.wav|Push this voice toward something flatter.|wavs/p295_033.wav
p292_340_flat|wavs/p345_388.wav|Tune this voice so it sounds a little flatter.|wavs/p292_340.wav
p292_340_slim|wavs/p227_386.wav|Try making the voice sound slimmer.|wavs/p292_340.wav
p292_340_low|wavs/p286_468.wav|I'd like the voice to come across as lower.|wavs/p292_340.wav
p311_408_rich|wavs/p292_014.wav|Push this voice toward something richer.|wavs/p311_408.wav
p311_408_shriveled|wavs/p256_093.wav|I'm hoping this voice can sound more shriveled.|wavs/p311_408.wav
p311_408_muffled|wavs/p254_105.wav|Let's lean this voice toward a more muffled quality.|wavs/p311_408.wav
p236_323_shriveled|wavs/p231_324.wav|Can you give this voice a more shriveled feel?|wavs/p236_323.wav
p236_323_bright|wavs/p307_144.wav|Tune this voice so it sounds a little brighter.|wavs/p236_323.wav
p236_323_soft|wavs/p248_102.wav|Could you make this voice a touch softer?|wavs/p236_323.wav
p227_163_pure|wavs/p374_273.wav|Shape this voice to be purer.|wavs/p227_163.wav
p227_163_bright|wavs/p271_313.wav|Could the voice come out a little brighter?|wavs/p227_163.wav
p227_163_rich|wavs/p376_231.wav|How about making the voice a bit richer?|wavs/p227_163.wav
p292_415_bright|wavs/p347_282.wav|Make this voice sound brighter.|wavs/p292_415.wav
p292_415_low|wavs/p232_029.wav|Let's lean this voice toward a lower quality.|wavs/p292_415.wav
p292_415_round|wavs/p251_249.wav|Adjust the voice so it feels rounder.|wavs/p292_415.wav
p276_378_coarse|wavs/p248_143.wav|Bring out a coarser quality in this voice.|wavs/p276_378.wav
p276_378_muddy|wavs/p261_066.wav|I'd love a slightly muddier sound for this voice.|wavs/p276_378.wav
p276_378_bright|wavs/p300_356.wav|I want this voice to sound a bit brighter.|wavs/p276_378.wav
p265_063_flat|wavs/p276_053.wav|I'm hoping this voice can sound flatter.|wavs/p265_063.wav
p265_063_coarse|wavs/p248_031.wav|Tune this voice so it sounds a little coarser.|wavs/p265_063.wav
p265_063_muffled|wavs/p233_080.wav|I'm hoping this voice can sound more muffled.|wavs/p265_063.wav
p292_151_pure|wavs/p311_015.wav|Push this voice toward something purer.|wavs/p292_151.wav
p292_151_coarse|wavs/p247_192.wav|I'd like this voice to sound somewhat coarser.|wavs/p292_151.wav
p292_151_muffled|wavs/p260_278.wav|I'd like the voice to come across as more muffled.|wavs/p292_151.wav
p243_074_coarse|wavs/p258_106.wav|How about making the voice a bit coarser?|wavs/p243_074.wav
p243_074_bright|wavs/p311_219.wav|I'd love a slightly brighter sound for this voice.|wavs/p243_074.wav
p243_074_soft|wavs/p251_242.wav|I'd like this voice to sound somewhat softer.|wavs/p243_074.wav
p312_224_flat|wavs/p294_154.wav|I'd love a slightly flatter sound for this voice.|wavs/p312_224.wav
p312_224_muddy|wavs/p307_064.wav|Could you make this voice a touch muddier?|wavs/p312_224.wav
p312_224_hoarse|wavs/p308_225.wav|Let's lean this voice toward a hoarser quality.|wavs/p312_224.wav
p374_081_bright|wavs/p287_343.wav|Push this voice toward something brighter.|wavs/p374_081.wav
p374_081_hoarse|wavs/p256_028.wav|I'd love a slightly hoarser sound for this voice.|wavs/p374_081.wav
p374_081_coarse|wavs/p241_041.wav|Bring out a coarser quality in this voice.|wavs/p374_081.wav
p254_348_rich|wavs/p363_316.wav|Could you make this voice a touch richer?|wavs/p254_348.wav
p254_348_coarse|wavs/p247_100.wav|Could you make this voice a touch coarser?|wavs/p254_348.wav
p254_348_bright|wavs/p376_020.wav|I'm hoping this voice can sound brighter.|wavs/p254_348.wav
p254_018_coarse|wavs/p259_242.wav|Make this voice sound coarser.|wavs/p254_018.wav
p254_018_transparent|wavs/p311_406.wav|I want this voice to sound a bit more transparent.|wavs/p254_018.wav
p254_018_rich|wavs/p302_146.wav|Push this voice toward something richer.|wavs/p254_018.wav
p254_357_muddy|wavs/p364_101.wav|Push this voice toward something muddier.|wavs/p254_357.wav
p254_357_low|wavs/p260_213.wav|I'd like the voice to come across as lower.|wavs/p254_357.wav
p254_357_magnetic|wavs/p226_273.wav|Can you give this voice a more magnetic feel?|wavs/p254_357.wav
p265_097_muddy|wavs/p253_037.wav|I'd love a slightly muddier sound for this voice.|wavs/p265_097.wav
p265_097_low|wavs/p248_316.wav|Make this voice sound lower.|wavs/p265_097.wav
p265_097_bright|wavs/p329_141.wav|I'd love a slightly brighter sound for this voice.|wavs/p265_097.wav
p311_394_low|wavs/p285_173.wav|I'm hoping this voice can sound lower.|wavs/p311_394.wav
p311_394_rich|wavs/p287_382.wav|I want the voice to take on a richer vibe.|wavs/p311_394.wav
p311_394_shriveled|wavs/p256_243.wav|Could you make this voice a touch more shriveled?|wavs/p311_394.wav
p227_245_shriveled|wavs/p275_309.wav|Make this voice sound more shriveled.|wavs/p227_245.wav
p227_245_thin|wavs/p260_267.wav|Can you give this voice a thinner feel?|wavs/p227_245.wav
p227_245_bright|wavs/p347_100.wav|Let's lean this voice toward a brighter quality.|wavs/p227_245.wav
p295_262_coarse|wavs/p361_083.wav|Bring out a coarser quality in this voice.|wavs/p295_262.wav
p295_262_thin|wavs/p265_045.wav|Shape this voice to be thinner.|wavs/p295_262.wav
p295_262_hoarse|wavs/p225_053.wav|I'd like this voice to sound somewhat hoarser.|wavs/p295_262.wav
p374_014_shriveled|wavs/p255_361.wav|Could you make this voice a touch more shriveled?|wavs/p374_014.wav
p374_014_slim|wavs/p254_340.wav|Bring out a slimmer quality in this voice.|wavs/p374_014.wav
p374_014_muddy|wavs/p284_075.wav|Render this voice with a muddier tone.|wavs/p374_014.wav
p277_419_low|wavs/p339_336.wav|How about making the voice a bit lower?|wavs/p277_419.wav
p277_419_round|wavs/p267_218.wav|Shape this voice to be rounder.|wavs/p277_419.wav
p277_419_muddy|wavs/p234_254.wav|Let's lean this voice toward a muddier quality.|wavs/p277_419.wav
p243_273_hoarse|wavs/p232_325.wav|How about making the voice a bit hoarser?|wavs/p243_273.wav
p243_273_shriveled|wavs/p256_138.wav|Shape this voice to be more shriveled.|wavs/p243_273.wav
p243_273_coarse|wavs/p258_055.wav|I want this voice to sound a bit coarser.|wavs/p243_273.wav
p265_349_muffled|wavs/p233_352.wav|Tune this voice so it sounds a little more muffled.|wavs/p265_349.wav
p265_349_pure|wavs/p305_009.wav|I'm hoping this voice can sound purer.|wavs/p265_349.wav
p265_349_slim|wavs/p249_200.wav|I'm hoping this voice can sound slimmer.|wavs/p265_349.wav
p374_226_low|wavs/p260_049.wav|Bring out a lower quality in this voice.|wavs/p374_226.wav
p374_226_slim|wavs/p254_231.wav|Push this voice toward something slimmer.|wavs/p374_226.wav
p374_226_hoarse|wavs/p226_053.wav|Render this voice with a hoarser tone.|wavs/p374_226.wav
p295_351_muddy|wavs/p343_161.wav|Push this voice toward something muddier.|wavs/p295_351.wav
p295_351_coarse|wavs/p248_043.wav|Could the voice come out a little coarser?|wavs/p295_351.wav
p295_351_flat|wavs/p329_246.wav|Bring out a flatter quality in this voice.|wavs/p295_351.wav
p312_325_hoarse|wavs/p257_425.wav|I'm hoping this voice can sound hoarser.|wavs/p312_325.wav
p312_325_slim|wavs/p269_144.wav|Bring out a slimmer quality in this voice.|wavs/p312_325.wav
p312_325_bright|wavs/p362_292.wav|Make this voice sound brighter.|wavs/p312_325.wav
p292_367_muffled|wavs/p260_259.wav|I want this voice to sound a bit more muffled.|wavs/p292_367.wav
p292_367_thin|wavs/p237_040.wav|I'd like this voice to sound somewhat thinner.|wavs/p292_367.wav
p292_367_round|wavs/p251_239.wav|How about making the voice a bit rounder?|wavs/p292_367.wav
p311_388_shriveled|wavs/p256_084.wav|Could you make this voice a touch more shriveled?|wavs/p311_388.wav
p311_388_muffled|wavs/p254_015.wav|Render this voice with a more muffled tone.|wavs/p311_388.wav
p311_388_low|wavs/p260_319.wav|Could you make this voice a touch lower?|wavs/p311_388.wav
p254_183_rich|wavs/p363_226.wav|I'd like this voice to sound somewhat richer.|wavs/p254_183.wav
p254_183_bright|wavs/p364_065.wav|Make this voice sound brighter.|wavs/p254_183.wav
p254_183_coarse|wavs/p302_194.wav|Shape this voice to be coarser.|wavs/p254_183.wav
p254_285_rich|wavs/p271_099.wav|I'd like the voice to come across as richer.|wavs/p254_285.wav
p254_285_transparent|wavs/p270_235.wav|I want this voice to sound a bit more transparent.|wavs/p254_285.wav
p254_285_coarse|wavs/p302_216.wav|Could the voice come out a little coarser?|wavs/p254_285.wav
p277_369_thin|wavs/p362_127.wav|Bring out a thinner quality in this voice.|wavs/p277_369.wav
p277_369_magnetic|wavs/p231_061.wav|Could you make this voice a touch more magnetic?|wavs/p277_369.wav
p277_369_bright|wavs/p361_021.wav|Bring out a brighter quality in this voice.|wavs/p277_369.wav
p277_208_bright|wavs/p330_269.wav|Could the voice come out a little brighter?|wavs/p277_208.wav
p277_208_coarse|wavs/p305_052.wav|I want the voice to take on a coarser vibe.|wavs/p277_208.wav
p277_208_muddy|wavs/p234_343.wav|I want the voice to take on a muddier vibe.|wavs/p277_208.wav
p276_131_low|wavs/p248_023.wav|I'd like this voice to sound somewhat lower.|wavs/p276_131.wav
p276_131_pure|wavs/p249_185.wav|Shape this voice to be purer.|wavs/p276_131.wav
p276_131_slim|wavs/p249_141.wav|I want the voice to take on a slimmer vibe.|wavs/p276_131.wav
p295_398_flat|wavs/p329_404.wav|Can you give this voice a flatter feel?|wavs/p295_398.wav
p295_398_thin|wavs/p264_104.wav|I want this voice to sound a bit thinner.|wavs/p295_398.wav
p295_398_slim|wavs/p362_395.wav|I'd love a slightly slimmer sound for this voice.|wavs/p295_398.wav
p254_143_bright|wavs/p364_205.wav|Adjust the voice so it feels brighter.|wavs/p254_143.wav
p254_143_transparent|wavs/p345_399.wav|I'm hoping this voice can sound more transparent.|wavs/p254_143.wav
p254_143_rich|wavs/p271_091.wav|Tune this voice so it sounds a little richer.|wavs/p254_143.wav
p295_369_low|wavs/p257_119.wav|Could the voice come out a little lower?|wavs/p295_369.wav
p295_369_pure|wavs/p305_373.wav|Could you make this voice a touch purer?|wavs/p295_369.wav
p295_369_hoarse|wavs/p225_120.wav|I'd love a slightly hoarser sound for this voice.|wavs/p295_369.wav
p276_390_low|wavs/p248_017.wav|I'd like the voice to come across as lower.|wavs/p276_390.wav
p276_390_bright|wavs/p307_166.wav|Try making the voice sound brighter.|wavs/p276_390.wav
p276_390_round|wavs/p239_464.wav|Shape this voice to be rounder.|wavs/p276_390.wav
p254_048_rich|wavs/p271_313.wav|I'd like the voice to come across as richer.|wavs/p254_048.wav
p254_048_magnetic|wavs/p270_128.wav|I want this voice to sound a bit more magnetic.|wavs/p254_048.wav
p254_048_coarse|wavs/p259_119.wav|I'd love a slightly coarser sound for this voice.|wavs/p254_048.wav
p227_030_muffled|wavs/p255_368.wav|Try making the voice sound more muffled.|wavs/p227_030.wav
p227_030_shriveled|wavs/p275_081.wav|Push this voice toward something more shriveled.|wavs/p227_030.wav
p227_030_pure|wavs/p374_122.wav|I'd love a slightly purer sound for this voice.|wavs/p227_030.wav
p277_288_round|wavs/p297_200.wav|Shape this voice to be rounder.|wavs/p277_288.wav
p277_288_coarse|wavs/p339_239.wav|Can you give this voice a coarser feel?|wavs/p277_288.wav
p277_288_bright|wavs/p329_330.wav|Bring out a brighter quality in this voice.|wavs/p277_288.wav
p265_309_thin|wavs/p250_479.wav|Render this voice with a thinner tone.|wavs/p265_309.wav
p265_309_flat|wavs/p276_364.wav|Adjust the voice so it feels flatter.|wavs/p265_309.wav
p265_309_muffled|wavs/p233_136.wav|I'd like the voice to come across as more muffled.|wavs/p265_309.wav
p295_150_thin|wavs/p240_319.wav|I want this voice to sound a bit thinner.|wavs/p295_150.wav
p295_150_slim|wavs/p343_332.wav|Could you make this voice a touch slimmer?|wavs/p295_150.wav
p295_150_flat|wavs/p329_019.wav|Push this voice toward something flatter.|wavs/p295_150.wav
p277_026_bright|wavs/p330_194.wav|How about making the voice a bit brighter?|wavs/p277_026.wav
p277_026_pure|wavs/p225_347.wav|I'd like the voice to come across as purer.|wavs/p277_026.wav
p277_026_thin|wavs/p225_192.wav|Let's lean this voice toward a thinner quality.|wavs/p277_026.wav
p236_337_shrill|wavs/p268_090.wav|Could you make this voice a touch shriller?|wavs/p236_337.wav
p236_337_soft|wavs/p248_234.wav|I want this voice to sound a bit softer.|wavs/p236_337.wav
p236_337_slim|wavs/p277_364.wav|I'd like this voice to sound somewhat slimmer.|wavs/p236_337.wav
p254_040_magnetic|wavs/p345_058.wav|I'm hoping this voice can sound more magnetic.|wavs/p254_040.wav
p254_040_bright|wavs/p364_103.wav|I'd like this voice to sound somewhat brighter.|wavs/p254_040.wav
p254_040_low|wavs/p260_192.wav|I want the voice to take on a lower vibe.|wavs/p254_040.wav
p312_327_hoarse|wavs/p257_168.wav|Try making the voice sound hoarser.|wavs/p312_327.wav
p312_327_flat|wavs/p294_107.wav|Give the voice a slightly flatter character.|wavs/p312_327.wav
p312_327_slim|wavs/p225_128.wav|Make this voice sound slimmer.|wavs/p312_327.wav
p276_323_round|wavs/p314_040.wav|Bring out a rounder quality in this voice.|wavs/p276_323.wav
p276_323_coarse|wavs/p305_019.wav|I'm hoping this voice can sound coarser.|wavs/p276_323.wav
p276_323_pure|wavs/p233_313.wav|Try making the voice sound purer.|wavs/p276_323.wav
p312_301_muddy|wavs/p265_021.wav|Could you make this voice a touch muddier?|wavs/p312_301.wav
p312_301_bright|wavs/p301_281.wav|Can you give this voice a brighter feel?|wavs/p312_301.wav
p312_301_hoarse|wavs/p308_138.wav|I want the voice to take on a hoarser vibe.|wavs/p312_301.wav
p236_185_bright|wavs/p330_062.wav|Tune this voice so it sounds a little brighter.|wavs/p236_185.wav
p236_185_slim|wavs/p276_437.wav|Let's lean this voice toward a slimmer quality.|wavs/p236_185.wav
p236_185_shrill|wavs/p234_326.wav|Could the voice come out a little shriller?|wavs/p236_185.wav
p311_260_magnetic|wavs/p302_114.wav|Render this voice with a more magnetic tone.|wavs/p311_260.wav
p311_260_rich|wavs/p287_105.wav|How about making the voice a bit richer?|wavs/p311_260.wav
p311_260_bright|wavs/p347_321.wav|Adjust the voice so it feels brighter.|wavs/p311_260.wav
p311_153_low|wavs/p286_316.wav|Can you give this voice a lower feel?|wavs/p311_153.wav
p311_153_hoarse|wavs/p376_129.wav|I want this voice to sound a bit hoarser.|wavs/p311_153.wav
p311_153_muddy|wavs/p345_170.wav|Could you make this voice a touch muddier?|wavs/p311_153.wav
p277_029_thin|wavs/p225_348.wav|Bring out a thinner quality in this voice.|wavs/p277_029.wav
p277_029_bright|wavs/p314_367.wav|Push this voice toward something brighter.|wavs/p277_029.wav
p277_029_slim|wavs/p343_003.wav|Push this voice toward something slimmer.|wavs/p277_029.wav
p295_081_low|wavs/p277_254.wav|Could you make this voice a touch lower?|wavs/p295_081.wav
p295_081_thin|wavs/p230_269.wav|Push this voice toward something thinner.|wavs/p295_081.wav
p295_081_pure|wavs/p305_103.wav|Try making the voice sound purer.|wavs/p295_081.wav
p227_281_pure|wavs/p374_144.wav|Can you give this voice a purer feel?|wavs/p227_281.wav
p227_281_thin|wavs/p232_264.wav|Shape this voice to be thinner.|wavs/p227_281.wav
p227_281_coarse|wavs/p334_270.wav|Render this voice with a coarser tone.|wavs/p227_281.wav
p243_235_bright|wavs/p376_196.wav|Try making the voice sound brighter.|wavs/p243_235.wav
p243_235_muddy|wavs/p376_100.wav|I want the voice to take on a muddier vibe.|wavs/p243_235.wav
p243_235_soft|wavs/p251_222.wav|Render this voice with a softer tone.|wavs/p243_235.wav
p227_153_coarse|wavs/p275_100.wav|Can you give this voice a coarser feel?|wavs/p227_153.wav
p227_153_thin|wavs/p254_339.wav|Give the voice a slightly thinner character.|wavs/p227_153.wav
p227_153_rich|wavs/p376_186.wav|Render this voice with a richer tone.|wavs/p227_153.wav
p243_222_muddy|wavs/p260_112.wav|Could you make this voice a touch muddier?|wavs/p243_222.wav
p243_222_hoarse|wavs/p275_225.wav|I'd like this voice to sound somewhat hoarser.|wavs/p243_222.wav
p243_222_soft|wavs/p251_043.wav|I'm hoping this voice can sound softer.|wavs/p243_222.wav
p295_164_muddy|wavs/p343_372.wav|Can you give this voice a muddier feel?|wavs/p295_164.wav
p295_164_low|wavs/p236_026.wav|How about making the voice a bit lower?|wavs/p295_164.wav
p295_164_slim|wavs/p343_119.wav|Try making the voice sound slimmer.|wavs/p295_164.wav
p243_296_flat|wavs/p247_145.wav|I'd love a slightly flatter sound for this voice.|wavs/p243_296.wav
p243_296_low|wavs/p260_002.wav|Adjust the voice so it feels lower.|wavs/p243_296.wav
p243_296_rich|wavs/p360_146.wav|Render this voice with a richer tone.|wavs/p243_296.wav
p277_455_coarse|wavs/p303_201.wav|Make this voice sound coarser.|wavs/p277_455.wav
p277_455_magnetic|wavs/p240_341.wav|I want the voice to take on a more magnetic vibe.|wavs/p277_455.wav
p277_455_pure|wavs/p294_195.wav|I'd like the voice to come across as purer.|wavs/p277_455.wav
p227_283_low|wavs/p345_390.wav|Let's lean this voice toward a lower quality.|wavs/p227_283.wav
p227_283_bright|wavs/p298_401.wav|Shape this voice to be brighter.|wavs/p227_283.wav
p227_283_muffled|wavs/p255_211.wav|Make this voice sound more muffled.|wavs/p227_283.wav
p277_098_slim|wavs/p343_069.wav|Tune this voice so it sounds a little slimmer.|wavs/p277_098.wav
p277_098_pure|wavs/p333_382.wav|Adjust the voice so it feels purer.|wavs/p277_098.wav
p277_098_round|wavs/p268_163.wav|Adjust the voice so it feels rounder.|wavs/p277_098.wav
p374_245_muffled|wavs/p275_155.wav|Could the voice come out a little more muffled?|wavs/p374_245.wav
p374_245_hoarse|wavs/p256_215.wav|Give the voice a slightly hoarser character.|wavs/p374_245.wav
p374_245_rich|wavs/p271_001.wav|Can you give this voice a richer feel?|wavs/p374_245.wav
p254_396_magnetic|wavs/p311_251.wav|Make this voice sound more magnetic.|wavs/p254_396.wav
p254_396_transparent|wavs/p345_210.wav|I want this voice to sound a bit more transparent.|wavs/p254_396.wav
p254_396_muddy|wavs/p376_193.wav|Could you make this voice a touch muddier?|wavs/p254_396.wav
p265_205_coarse|wavs/p236_480.wav|How about making the voice a bit coarser?|wavs/p265_205.wav
p265_205_pure|wavs/p267_312.wav|I'd love a slightly purer sound for this voice.|wavs/p265_205.wav
p265_205_thin|wavs/p234_297.wav|Push this voice toward something thinner.|wavs/p265_205.wav
p227_316_shriveled|wavs/p275_176.wav|Try making the voice sound more shriveled.|wavs/p227_316.wav
p227_316_flat|wavs/p326_069.wav|How about making the voice a bit flatter?|wavs/p227_316.wav
p227_316_muffled|wavs/p255_039.wav|Try making the voice sound more muffled.|wavs/p227_316.wav
p254_025_low|wavs/p258_145.wav|Could you make this voice a touch lower?|wavs/p254_025.wav
p254_025_muddy|wavs/p287_274.wav|Could you make this voice a touch muddier?|wavs/p254_025.wav
p254_025_transparent|wavs/p345_330.wav|Let's lean this voice toward a more transparent quality.|wavs/p254_025.wav
p374_089_coarse|wavs/p241_300.wav|I'd like the voice to come across as coarser.|wavs/p374_089.wav
p374_089_hoarse|wavs/p256_146.wav|Bring out a hoarser quality in this voice.|wavs/p374_089.wav
p374_089_slim|wavs/p254_055.wav|Could you make this voice a touch slimmer?|wavs/p374_089.wav
p277_015_magnetic|wavs/p240_147.wav|Bring out a more magnetic quality in this voice.|wavs/p277_015.wav
p277_015_bright|wavs/p343_205.wav|Let's lean this voice toward a brighter quality.|wavs/p277_015.wav
p277_015_slim|wavs/p362_043.wav|Can you give this voice a slimmer feel?|wavs/p277_015.wav
p374_165_low|wavs/p292_134.wav|Tune this voice so it sounds a little lower.|wavs/p374_165.wav
p374_165_muddy|wavs/p247_246.wav|I want this voice to sound a bit muddier.|wavs/p374_165.wav
p374_165_slim|wavs/p254_054.wav|I'd like this voice to sound somewhat slimmer.|wavs/p374_165.wav
p374_215_coarse|wavs/p259_331.wav|Tune this voice so it sounds a little coarser.|wavs/p374_215.wav
p374_215_rich|wavs/p271_379.wav|Make this voice sound richer.|wavs/p374_215.wav
p374_215_slim|wavs/p254_049.wav|I'd like this voice to sound somewhat slimmer.|wavs/p374_215.wav
p276_099_coarse|wavs/p261_242.wav|Can you give this voice a coarser feel?|wavs/p276_099.wav
p276_099_low|wavs/p248_220.wav|Tune this voice so it sounds a little lower.|wavs/p276_099.wav
p276_099_muddy|wavs/p261_026.wav|Could the voice come out a little muddier?|wavs/p276_099.wav
p243_138_rich|wavs/p364_072.wav|Tune this voice so it sounds a little richer.|wavs/p243_138.wav
p243_138_hoarse|wavs/p246_147.wav|Render this voice with a hoarser tone.|wavs/p243_138.wav
p243_138_shriveled|wavs/p256_309.wav|How about making the voice a bit more shriveled?|wavs/p243_138.wav
p254_335_rich|wavs/p271_026.wav|Push this voice toward something richer.|wavs/p254_335.wav
p254_335_transparent|wavs/p311_020.wav|Adjust the voice so it feels more transparent.|wavs/p254_335.wav
p254_335_magnetic|wavs/p270_365.wav|Adjust the voice so it feels more magnetic.|wavs/p254_335.wav
p276_449_low|wavs/p248_043.wav|I'd like the voice to come across as lower.|wavs/p276_449.wav
p276_449_flat|wavs/p310_299.wav|Push this voice toward something flatter.|wavs/p276_449.wav
p276_449_coarse|wavs/p305_290.wav|I want this voice to sound a bit coarser.|wavs/p276_449.wav
p312_300_rich|wavs/p229_023.wav|Adjust the voice so it feels richer.|wavs/p312_300.wav
p312_300_slim|wavs/p225_219.wav|Make this voice sound slimmer.|wavs/p312_300.wav
p312_300_magnetic|wavs/p262_185.wav|Shape this voice to be more magnetic.|wavs/p312_300.wav
p236_487_slim|wavs/p276_076.wav|I'd like the voice to come across as slimmer.|wavs/p236_487.wav
p236_487_soft|wavs/p248_182.wav|I'd like the voice to come across as softer.|wavs/p236_487.wav
p236_487_bright|wavs/p362_411.wav|I want this voice to sound a bit brighter.|wavs/p236_487.wav
p295_349_slim|wavs/p362_074.wav|Give the voice a slightly slimmer character.|wavs/p295_349.wav
p295_349_coarse|wavs/p236_503.wav|Bring out a coarser quality in this voice.|wavs/p295_349.wav
p295_349_bright|wavs/p300_107.wav|Could the voice come out a little brighter?|wavs/p295_349.wav
p277_185_hoarse|wavs/p249_093.wav|I'm hoping this voice can sound hoarser.|wavs/p277_185.wav
p277_185_magnetic|wavs/p240_153.wav|Could the voice come out a little more magnetic?|wavs/p277_185.wav
p277_185_pure|wavs/p253_020.wav|Can you give this voice a purer feel?|wavs/p277_185.wav
p311_277_coarse|wavs/p232_365.wav|Could the voice come out a little coarser?|wavs/p311_277.wav
p311_277_rich|wavs/p287_190.wav|Let's lean this voice toward a richer quality.|wavs/p311_277.wav
p311_277_muffled|wavs/p254_064.wav|I'd like the voice to come across as more muffled.|wavs/p311_277.wav
p311_114_low|wavs/p285_362.wav|Make this voice sound lower.|wavs/p311_114.wav
p311_114_shriveled|wavs/p256_208.wav|Bring out a more shriveled quality in this voice.|wavs/p311_114.wav
p311_114_hoarse|wavs/p304_097.wav|Give the voice a slightly hoarser character.|wavs/p311_114.wav
p265_310_flat|wavs/p276_204.wav|Push this voice toward something flatter.|wavs/p265_310.wav
p265_310_low|wavs/p248_101.wav|I'd love a slightly lower sound for this voice.|wavs/p265_310.wav
p265_310_coarse|wavs/p231_032.wav|Let's lean this voice toward a coarser quality.|wavs/p265_310.wav
p276_139_flat|wavs/p310_097.wav|Push this voice toward something flatter.|wavs/p276_139.wav
p276_139_round|wavs/p239_334.wav|Tune this voice so it sounds a little rounder.|wavs/p276_139.wav
p276_139_bright|wavs/p343_010.wav|Could you make this voice a touch brighter?|wavs/p276_139.wav
p265_195_coarse|wavs/p238_270.wav|I'd love a slightly coarser sound for this voice.|wavs/p265_195.wav
p265_195_muffled|wavs/p233_139.wav|Push this voice toward something more muffled.|wavs/p265_195.wav
p265_195_muddy|wavs/p253_301.wav|Give the voice a slightly muddier character.|wavs/p265_195.wav
p236_333_shriveled|wavs/p231_050.wav|Try making the voice sound more shriveled.|wavs/p236_333.wav
p236_333_bright|wavs/p308_256.wav|I'm hoping this voice can sound brighter.|wavs/p236_333.wav
p236_333_slim|wavs/p313_131.wav|Tune this voice so it sounds a little slimmer.|wavs/p236_333.wav
p374_131_muddy|wavs/p260_313.wav|Can you give this voice a muddier feel?|wavs/p374_131.wav
p374_131_slim|wavs/p254_267.wav|Could you make this voice a touch slimmer?|wavs/p374_131.wav
p374_131_bright|wavs/p287_345.wav|Give the voice a slightly brighter character.|wavs/p374_131.wav
p243_061_bright|wavs/p311_412.wav|Give the voice a slightly brighter character.|wavs/p243_061.wav
p243_061_soft|wavs/p251_013.wav|How about making the voice a bit softer?|wavs/p243_061.wav
p243_061_pure|wavs/p311_098.wav|Could you make this voice a touch purer?|wavs/p243_061.wav
p276_138_slim|wavs/p269_084.wav|Adjust the voice so it feels slimmer.|wavs/p276_138.wav
p276_138_low|wavs/p248_203.wav|Make this voice sound lower.|wavs/p276_138.wav
p276_138_coarse|wavs/p236_092.wav|Try making the voice sound coarser.|wavs/p276_138.wav
p227_339_thin|wavs/p232_101.wav|Bring out a thinner quality in this voice.|wavs/p227_339.wav
p227_339_flat|wavs/p251_029.wav|I'd like this voice to sound somewhat flatter.|wavs/p227_339.wav
p227_339_rich|wavs/p376_038.wav|Try making the voice sound richer.|wavs/p227_339.wav
p277_462_pure|wavs/p333_017.wav|Shape this voice to be purer.|wavs/p277_462.wav
p277_462_low|wavs/p282_340.wav|Let's lean this voice toward a lower quality.|wavs/p277_462.wav
p277_462_thin|wavs/p225_279.wav|Adjust the voice so it feels thinner.|wavs/p277_462.wav
p295_364_low|wavs/p277_091.wav|Make this voice sound lower.|wavs/p295_364.wav
p295_364_thin|wavs/p261_363.wav|I'd love a slightly thinner sound for this voice.|wavs/p295_364.wav
p295_364_muddy|wavs/p343_177.wav|Could you make this voice a touch muddier?|wavs/p295_364.wav
p312_331_magnetic|wavs/p262_138.wav|I'm hoping this voice can sound more magnetic.|wavs/p312_331.wav
p312_331_slim|wavs/p228_261.wav|Try making the voice sound slimmer.|wavs/p312_331.wav
p312_331_muddy|wavs/p240_168.wav|I'd like the voice to come across as muddier.|wavs/p312_331.wav
p292_327_muffled|wavs/p260_294.wav|Bring out a more muffled quality in this voice.|wavs/p292_327.wav
p292_327_soft|wavs/p304_307.wav|I'd like this voice to sound somewhat softer.|wavs/p292_327.wav
p292_327_pure|wavs/p256_168.wav|Let's lean this voice toward a purer quality.|wavs/p292_327.wav
p374_335_low|wavs/p243_203.wav|Render this voice with a lower tone.|wavs/p374_335.wav
p374_335_rich|wavs/p271_091.wav|Tune this voice so it sounds a little richer.|wavs/p374_335.wav
p374_335_shriveled|wavs/p255_329.wav|Give the voice a slightly more shriveled character.|wavs/p374_335.wav
p295_281_muddy|wavs/p341_097.wav|Try making the voice sound muddier.|wavs/p295_281.wav
p295_281_hoarse|wavs/p225_244.wav|Push this voice toward something hoarser.|wavs/p295_281.wav
p295_281_pure|wavs/p335_121.wav|I'd like this voice to sound somewhat purer.|wavs/p295_281.wav
p292_202_soft|wavs/p304_296.wav|Adjust the voice so it feels softer.|wavs/p292_202.wav
p292_202_round|wavs/p251_130.wav|Could the voice come out a little rounder?|wavs/p292_202.wav
p292_202_pure|wavs/p256_055.wav|Could you make this voice a touch purer?|wavs/p292_202.wav
p312_274_rich|wavs/p248_239.wav|Make this voice sound richer.|wavs/p312_274.wav
p312_274_pure|wavs/p335_380.wav|Could you make this voice a touch purer?|wavs/p312_274.wav
p312_274_coarse|wavs/p236_235.wav|Bring out a coarser quality in this voice.|wavs/p312_274.wav
p236_349_soft|wavs/p248_346.wav|Could you make this voice a touch softer?|wavs/p236_349.wav
p236_349_shriveled|wavs/p231_355.wav|Adjust the voice so it feels more shriveled.|wavs/p236_349.wav
p236_349_slim|wavs/p267_275.wav|Make this voice sound slimmer.|wavs/p236_349.wav
p236_484_shriveled|wavs/p231_132.wav|I want the voice to take on a more shriveled vibe.|wavs/p236_484.wav
p236_484_bright|wavs/p269_387.wav|Adjust the voice so it feels brighter.|wavs/p236_484.wav
p236_484_slim|wavs/p268_102.wav|I'd like this voice to sound somewhat slimmer.|wavs/p236_484.wav
p276_164_pure|wavs/p297_187.wav|Can you give this voice a purer feel?|wavs/p276_164.wav
p276_164_bright|wavs/p295_088.wav|Tune this voice so it sounds a little brighter.|wavs/p276_164.wav
p276_164_coarse|wavs/p305_332.wav|Bring out a coarser quality in this voice.|wavs/p276_164.wav
p277_140_pure|wavs/p333_089.wav|How about making the voice a bit purer?|wavs/p277_140.wav
p277_140_round|wavs/p267_064.wav|Shape this voice to be rounder.|wavs/p277_140.wav
p277_140_low|wavs/p282_225.wav|Adjust the voice so it feels lower.|wavs/p277_140.wav
p374_236_muffled|wavs/p275_155.wav|Make this voice sound more muffled.|wavs/p374_236.wav
p374_236_slim|wavs/p254_186.wav|I want this voice to sound a bit slimmer.|wavs/p374_236.wav
p374_236_hoarse|wavs/p256_114.wav|Adjust the voice so it feels hoarser.|wavs/p374_236.wav
p243_064_hoarse|wavs/p259_303.wav|Could the voice come out a little hoarser?|wavs/p243_064.wav
p243_064_coarse|wavs/p255_328.wav|I want the voice to take on a coarser vibe.|wavs/p243_064.wav
p243_064_flat|wavs/p287_331.wav|Bring out a flatter quality in this voice.|wavs/p243_064.wav
p295_240_bright|wavs/p330_029.wav|I'd like the voice to come across as brighter.|wavs/p295_240.wav
p295_240_low|wavs/p277_408.wav|Bring out a lower quality in this voice.|wavs/p295_240.wav
p295_240_pure|wavs/p335_372.wav|I'd like this voice to sound somewhat purer.|wavs/p295_240.wav
p236_270_bright|wavs/p269_208.wav|I'd like this voice to sound somewhat brighter.|wavs/p236_270.wav
p236_270_shriveled|wavs/p231_386.wav|Try making the voice sound more shriveled.|wavs/p236_270.wav
p236_270_slim|wavs/p267_259.wav|I'd like this voice to sound somewhat slimmer.|wavs/p236_270.wav
p243_375_shriveled|wavs/p256_089.wav|Try making the voice sound more shriveled.|wavs/p243_375.wav
p243_375_low|wavs/p260_048.wav|Push this voice toward something lower.|wavs/p243_375.wav
p243_375_muddy|wavs/p260_104.wav|Try making the voice sound muddier.|wavs/p243_375.wav
p277_392_magnetic|wavs/p240_096.wav|Bring out a more magnetic quality in this voice.|wavs/p277_392.wav
p277_392_round|wavs/p267_262.wav|I want this voice to sound a bit rounder.|wavs/p277_392.wav
p277_392_muddy|wavs/p234_328.wav|Could the voice come out a little muddier?|wavs/p277_392.wav
p265_057_flat|wavs/p276_333.wav|I'm hoping this voice can sound flatter.|wavs/p265_057.wav
p265_057_thin|wavs/p234_213.wav|Bring out a thinner quality in this voice.|wavs/p265_057.wav
p265_057_shriveled|wavs/p240_073.wav|Let's lean this voice toward a more shriveled quality.|wavs/p265_057.wav
p276_208_round|wavs/p339_187.wav|Bring out a rounder quality in this voice.|wavs/p276_208.wav
p276_208_flat|wavs/p310_352.wav|I'm hoping this voice can sound flatter.|wavs/p276_208.wav
p276_208_slim|wavs/p228_056.wav|Adjust the voice so it feels slimmer.|wavs/p276_208.wav
p292_312_muffled|wavs/p260_004.wav|I'm hoping this voice can sound more muffled.|wavs/p292_312.wav
p292_312_flat|wavs/p345_312.wav|I want this voice to sound a bit flatter.|wavs/p292_312.wav
p292_312_bright|wavs/p376_051.wav|How about making the voice a bit brighter?|wavs/p292_312.wav
p254_191_transparent|wavs/p311_243.wav|Try making the voice sound more transparent.|wavs/p254_191.wav
p254_191_bright|wavs/p376_271.wav|Adjust the voice so it feels brighter.|wavs/p254_191.wav
p254_191_low|wavs/p258_314.wav|Let's lean this voice toward a lower quality.|wavs/p254_191.wav
p292_240_pure|wavs/p374_267.wav|Push this voice toward something purer.|wavs/p292_240.wav
p292_240_round|wavs/p251_036.wav|Render this voice with a rounder tone.|wavs/p292_240.wav
p292_240_muffled|wavs/p260_241.wav|Try making the voice sound more muffled.|wavs/p292_240.wav
p311_056_magnetic|wavs/p302_082.wav|I'd love a slightly more magnetic sound for this voice.|wavs/p311_056.wav
p311_056_bright|wavs/p347_169.wav|I want the voice to take on a brighter vibe.|wavs/p311_056.wav
p311_056_shriveled|wavs/p256_217.wav|I'd like this voice to sound somewhat more shriveled.|wavs/p311_056.wav
p311_371_hoarse|wavs/p304_267.wav|I'd like this voice to sound somewhat hoarser.|wavs/p311_371.wav
p311_371_rich|wavs/p287_003.wav|How about making the voice a bit richer?|wavs/p311_371.wav
p311_371_muddy|wavs/p237_124.wav|I want this voice to sound a bit muddier.|wavs/p311_371.wav
p227_193_thin|wavs/p232_107.wav|Tune this voice so it sounds a little thinner.|wavs/p227_193.wav
p227_193_low|wavs/p247_066.wav|Could the voice come out a little lower?|wavs/p227_193.wav
p227_193_coarse|wavs/p252_138.wav|I'd like the voice to come across as coarser.|wavs/p227_193.wav
p265_076_slim|wavs/p249_212.wav|I want this voice to sound a bit slimmer.|wavs/p265_076.wav
p265_076_muddy|wavs/p253_045.wav|I'd like this voice to sound somewhat muddier.|wavs/p265_076.wav
p265_076_thin|wavs/p234_120.wav|Can you give this voice a thinner feel?|wavs/p265_076.wav
p312_396_hoarse|wavs/p308_146.wav|I'd love a slightly hoarser sound for this voice.|wavs/p312_396.wav
p312_396_rich|wavs/p323_084.wav|I want this voice to sound a bit richer.|wavs/p312_396.wav
p312_396_coarse|wavs/p339_033.wav|I'm hoping this voice can sound coarser.|wavs/p312_396.wav
p374_313_muddy|wavs/p259_208.wav|Push this voice toward something muddier.|wavs/p374_313.wav
p374_313_muffled|wavs/p251_259.wav|Make this voice sound more muffled.|wavs/p374_313.wav
p374_313_slim|wavs/p254_343.wav|Make this voice sound slimmer.|wavs/p374_313.wav
p312_399_pure|wavs/p335_151.wav|Render this voice with a purer tone.|wavs/p312_399.wav
p312_399_hoarse|wavs/p257_107.wav|Make this voice sound hoarser.|wavs/p312_399.wav
p312_399_bright|wavs/p313_201.wav|Could the voice come out a little brighter?|wavs/p312_399.wav
p265_159_pure|wavs/p312_113.wav|I want this voice to sound a bit purer.|wavs/p265_159.wav
p265_159_shriveled|wavs/p240_039.wav|I want the voice to take on a more shriveled vibe.|wavs/p265_159.wav
p265_159_flat|wavs/p276_146.wav|Tune this voice so it sounds a little flatter.|wavs/p265_159.wav
p295_298_slim|wavs/p362_011.wav|I want this voice to sound a bit slimmer.|wavs/p295_298.wav
p295_298_bright|wavs/p330_135.wav|Adjust the voice so it feels brighter.|wavs/p295_298.wav
p295_298_hoarse|wavs/p225_238.wav|I'd like the voice to come across as hoarser.|wavs/p295_298.wav
p374_305_low|wavs/p260_018.wav|Let's lean this voice toward a lower quality.|wavs/p374_305.wav
p374_305_soft|wavs/p245_222.wav|Try making the voice sound softer.|wavs/p374_305.wav
p374_305_slim|wavs/p254_028.wav|I want this voice to sound a bit slimmer.|wavs/p374_305.wav
p236_313_slim|wavs/p230_168.wav|I'd like the voice to come across as slimmer.|wavs/p236_313.wav
p236_313_shrill|wavs/p306_115.wav|Let's lean this voice toward a shriller quality.|wavs/p236_313.wav
p236_313_soft|wavs/p248_156.wav|Could the voice come out a little softer?|wavs/p236_313.wav
p243_240_rich|wavs/p302_314.wav|Tune this voice so it sounds a little richer.|wavs/p243_240.wav
p243_240_shriveled|wavs/p256_223.wav|Try making the voice sound more shriveled.|wavs/p243_240.wav
p243_240_muddy|wavs/p260_229.wav|Let's lean this voice toward a muddier quality.|wavs/p243_240.wav
p277_461_slim|wavs/p362_182.wav|Render this voice with a slimmer tone.|wavs/p277_461.wav
p277_461_magnetic|wavs/p240_094.wav|How about making the voice a bit more magnetic?|wavs/p277_461.wav
p277_461_pure|wavs/p294_152.wav|I'd like this voice to sound somewhat purer.|wavs/p277_461.wav
p265_229_thin|wavs/p234_235.wav|How about making the voice a bit thinner?|wavs/p265_229.wav
p265_229_muddy|wavs/p253_072.wav|Let's lean this voice toward a muddier quality.|wavs/p265_229.wav
p265_229_flat|wavs/p276_270.wav|I want this voice to sound a bit flatter.|wavs/p265_229.wav
p292_029_low|wavs/p241_047.wav|Render this voice with a lower tone.|wavs/p292_029.wav
p292_029_slim|wavs/p227_342.wav|I'd like the voice to come across as slimmer.|wavs/p292_029.wav
p292_029_pure|wavs/p256_023.wav|Shape this voice to be purer.|wavs/p292_029.wav
p292_294_flat|wavs/p345_218.wav|I'm hoping this voice can sound flatter.|wavs/p292_294.wav
p292_294_coarse|wavs/p255_204.wav|Could you make this voice a touch coarser?|wavs/p292_294.wav
p292_294_muffled|wavs/p260_167.wav|I want the voice to take on a more muffled vibe.|wavs/p292_294.wav
p292_070_slim|wavs/p227_165.wav|I want this voice to sound a bit slimmer.|wavs/p292_070.wav
p292_070_coarse|wavs/p285_361.wav|I'm hoping this voice can sound coarser.|wavs/p292_070.wav
p292_070_low|wavs/p286_345.wav|I'm hoping this voice can sound lower.|wavs/p292_070.wav
p227_223_transparent|wavs/p304_039.wav|I'm hoping this voice can sound more transparent.|wavs/p227_223.wav
p227_223_flat|wavs/p245_247.wav|I'd like this voice to sound somewhat flatter.|wavs/p227_223.wav
p227_223_low|wavs/p247_453.wav|I'd love a slightly lower sound for this voice.|wavs/p227_223.wav
p311_024_bright|wavs/p347_152.wav|Give the voice a slightly brighter character.|wavs/p311_024.wav
p311_024_magnetic|wavs/p275_091.wav|Try making the voice sound more magnetic.|wavs/p311_024.wav
p311_024_muffled|wavs/p254_229.wav|I want the voice to take on a more muffled vibe.|wavs/p311_024.wav
p277_044_hoarse|wavs/p238_254.wav|Let's lean this voice toward a hoarser quality.|wavs/p277_044.wav
p277_044_round|wavs/p297_016.wav|Tune this voice so it sounds a little rounder.|wavs/p277_044.wav
p277_044_low|wavs/p248_210.wav|Could the voice come out a little lower?|wavs/p277_044.wav
p311_128_muddy|wavs/p326_156.wav|Can you give this voice a muddier feel?|wavs/p311_128.wav
p311_128_bright|wavs/p363_275.wav|I'm hoping this voice can sound brighter.|wavs/p311_128.wav
p311_128_rich|wavs/p292_029.wav|I'd love a slightly richer sound for this voice.|wavs/p311_128.wav
p311_213_hoarse|wavs/p263_306.wav|I want the voice to take on a hoarser vibe.|wavs/p311_213.wav
p311_213_bright|wavs/p364_192.wav|Make this voice sound brighter.|wavs/p311_213.wav
p311_213_magnetic|wavs/p302_271.wav|I want the voice to take on a more magnetic vibe.|wavs/p311_213.wav
p254_338_low|wavs/p232_125.wav|Bring out a lower quality in this voice.|wavs/p254_338.wav
p254_338_bright|wavs/p376_034.wav|Push this voice toward something brighter.|wavs/p254_338.wav
p254_338_magnetic|wavs/p311_164.wav|I'd like this voice to sound somewhat more magnetic.|wavs/p254_338.wav
p236_434_slim|wavs/p288_358.wav|Shape this voice to be slimmer.|wavs/p236_434.wav
p236_434_shriveled|wavs/p231_283.wav|Shape this voice to be more shriveled.|wavs/p236_434.wav
p236_434_shrill|wavs/p225_243.wav|Could the voice come out a little shriller?|wavs/p236_434.wav
p265_271_muddy|wavs/p253_096.wav|I'd like the voice to come across as muddier.|wavs/p265_271.wav
p265_271_pure|wavs/p225_082.wav|I'm hoping this voice can sound purer.|wavs/p265_271.wav
p265_271_slim|wavs/p288_321.wav|Could the voice come out a little slimmer?|wavs/p265_271.wav
p374_284_bright|wavs/p316_094.wav|Let's lean this voice toward a brighter quality.|wavs/p374_284.wav
p374_284_coarse|wavs/p334_247.wav|Make this voice sound coarser.|wavs/p374_284.wav
p374_284_pure|wavs/p311_253.wav|Could you make this voice a touch purer?|wavs/p374_284.wav
p311_246_coarse|wavs/p255_067.wav|I'm hoping this voice can sound coarser.|wavs/p311_246.wav
p311_246_bright|wavs/p363_076.wav|Make this voice sound brighter.|wavs/p311_246.wav
p311_246_muffled|wavs/p254_167.wav|Make this voice sound more muffled.|wavs/p311_246.wav
p243_328_soft|wavs/p251_061.wav|Give the voice a slightly softer character.|wavs/p243_328.wav
p243_328_pure|wavs/p263_007.wav|Give the voice a slightly purer character.|wavs/p243_328.wav
p243_328_low|wavs/p260_054.wav|Try making the voice sound lower.|wavs/p243_328.wav
p292_310_soft|wavs/p304_373.wav|I'd like the voice to come across as softer.|wavs/p292_310.wav
p292_310_muffled|wavs/p260_178.wav|Bring out a more muffled quality in this voice.|wavs/p292_310.wav
p292_310_thin|wavs/p237_222.wav|I'd like the voice to come across as thinner.|wavs/p292_310.wav
p312_194_coarse|wavs/p339_273.wav|I'm hoping this voice can sound coarser.|wavs/p312_194.wav
p312_194_slim|wavs/p228_215.wav|Push this voice toward something slimmer.|wavs/p312_194.wav
p312_194_bright|wavs/p307_091.wav|I'd like the voice to come across as brighter.|wavs/p312_194.wav
p276_281_pure|wavs/p240_082.wav|Give the voice a slightly purer character.|wavs/p276_281.wav
p276_281_muddy|wavs/p253_077.wav|Push this voice toward something muddier.|wavs/p276_281.wav
p276_281_round|wavs/p299_171.wav|Could the voice come out a little rounder?|wavs/p276_281.wav
p312_014_pure|wavs/p335_138.wav|I want the voice to take on a purer vibe.|wavs/p312_014.wav
p312_014_muddy|wavs/p282_224.wav|Bring out a muddier quality in this voice.|wavs/p312_014.wav
p312_014_slim|wavs/p225_286.wav|Give the voice a slightly slimmer character.|wavs/p312_014.wav
p276_333_low|wavs/p299_031.wav|Render this voice with a lower tone.|wavs/p276_333.wav
p276_333_bright|wavs/p333_334.wav|I'd like this voice to sound somewhat brighter.|wavs/p276_333.wav
p276_333_coarse|wavs/p310_128.wav|Tune this voice so it sounds a little coarser.|wavs/p276_333.wav
p277_296_low|wavs/p288_055.wav|I want this voice to sound a bit lower.|wavs/p277_296.wav
p277_296_thin|wavs/p225_117.wav|Push this voice toward something thinner.|wavs/p277_296.wav
p277_296_magnetic|wavs/p231_331.wav|Could the voice come out a little more magnetic?|wavs/p277_296.wav
p236_274_bright|wavs/p333_177.wav|Let's lean this voice toward a brighter quality.|wavs/p236_274.wav
p236_274_soft|wavs/p248_182.wav|Give the voice a slightly softer character.|wavs/p236_274.wav
p236_274_shrill|wavs/p297_241.wav|I'd love a slightly shriller sound for this voice.|wavs/p236_274.wav
p276_386_slim|wavs/p238_284.wav|Try making the voice sound slimmer.|wavs/p276_386.wav
p276_386_round|wavs/p339_068.wav|Let's lean this voice toward a rounder quality.|wavs/p276_386.wav
p276_386_pure|wavs/p294_419.wav|Can you give this voice a purer feel?|wavs/p276_386.wav
p312_075_bright|wavs/p318_321.wav|Could the voice come out a little brighter?|wavs/p312_075.wav
p312_075_rich|wavs/p335_008.wav|I'd like the voice to come across as richer.|wavs/p312_075.wav
p312_075_flat|wavs/p294_243.wav|Let's lean this voice toward a flatter quality.|wavs/p312_075.wav
p311_251_coarse|wavs/p255_034.wav|I want this voice to sound a bit coarser.|wavs/p311_251.wav
p311_251_magnetic|wavs/p260_058.wav|Make this voice sound more magnetic.|wavs/p311_251.wav
p311_251_hoarse|wavs/p263_109.wav|Can you give this voice a hoarser feel?|wavs/p311_251.wav
p295_144_hoarse|wavs/p225_054.wav|How about making the voice a bit hoarser?|wavs/p295_144.wav
p295_144_coarse|wavs/p225_044.wav|Shape this voice to be coarser.|wavs/p295_144.wav
p295_144_slim|wavs/p362_353.wav|Let's lean this voice toward a slimmer quality.|wavs/p295_144.wav
p243_281_rich|wavs/p302_199.wav|I'd like this voice to sound somewhat richer.|wavs/p243_281.wav
p243_281_shriveled|wavs/p241_214.wav|Make this voice sound more shriveled.|wavs/p243_281.wav
p243_281_flat|wavs/p247_398.wav|I want the voice to take on a flatter vibe.|wavs/p243_281.wav
p265_003_pure|wavs/p297_113.wav|Let's lean this voice toward a purer quality.|wavs/p265_003.wav
p265_003_slim|wavs/p288_371.wav|I want this voice to sound a bit slimmer.|wavs/p265_003.wav
p265_003_thin|wavs/p250_116.wav|Can you give this voice a thinner feel?|wavs/p265_003.wav
p292_315_muffled|wavs/p260_074.wav|How about making the voice a bit more muffled?|wavs/p292_315.wav
p292_315_pure|wavs/p254_108.wav|Push this voice toward something purer.|wavs/p292_315.wav
p292_315_soft|wavs/p304_312.wav|Give the voice a slightly softer character.|wavs/p292_315.wav
p265_033_pure|wavs/p305_095.wav|Tune this voice so it sounds a little purer.|wavs/p265_033.wav
p265_033_slim|wavs/p294_220.wav|Adjust the voice so it feels slimmer.|wavs/p265_033.wav
p265_033_coarse|wavs/p317_292.wav|Render this voice with a coarser tone.|wavs/p265_033.wav
p254_379_coarse|wavs/p247_115.wav|I want this voice to sound a bit coarser.|wavs/p254_379.wav
p254_379_magnetic|wavs/p258_094.wav|Bring out a more magnetic quality in this voice.|wavs/p254_379.wav
p254_379_transparent|wavs/p345_157.wav|I'd like this voice to sound somewhat more transparent.|wavs/p254_379.wav
p227_162_thin|wavs/p232_113.wav|Can you give this voice a thinner feel?|wavs/p227_162.wav
p227_162_rich|wavs/p376_185.wav|I'd like this voice to sound somewhat richer.|wavs/p227_162.wav
p227_162_muffled|wavs/p255_062.wav|I want the voice to take on a more muffled vibe.|wavs/p227_162.wav
p254_198_coarse|wavs/p374_120.wav|Make this voice sound coarser.|wavs/p254_198.wav
p254_198_muddy|wavs/p364_015.wav|I'd love a slightly muddier sound for this voice.|wavs/p254_198.wav
p254_198_transparent|wavs/p311_243.wav|Make this voice sound more transparent.|wavs/p254_198.wav
p227_297_shriveled|wavs/p275_092.wav|Could the voice come out a little more shriveled?|wavs/p227_297.wav
p227_297_rich|wavs/p376_053.wav|Render this voice with a richer tone.|wavs/p227_297.wav
p227_297_coarse|wavs/p275_013.wav|I want the voice to take on a coarser vibe.|wavs/p227_297.wav
p236_363_shrill|wavs/p265_246.wav|I want the voice to take on a shriller vibe.|wavs/p236_363.wav
p236_363_bright|wavs/p351_167.wav|I'd love a slightly brighter sound for this voice.|wavs/p236_363.wav
p236_363_soft|wavs/p248_037.wav|I'm hoping this voice can sound softer.|wavs/p236_363.wav
p292_131_round|wavs/p251_351.wav|I want the voice to take on a rounder vibe.|wavs/p292_131.wav
p292_131_soft|wavs/p304_193.wav|Shape this voice to be softer.|wavs/p292_131.wav
p292_131_flat|wavs/p345_387.wav|Make this voice sound flatter.|wavs/p292_131.wav
p227_340_transparent|wavs/p304_078.wav|I want the voice to take on a more transparent vibe.|wavs/p227_340.wav
p227_340_muffled|wavs/p255_315.wav|Shape this voice to be more muffled.|wavs/p227_340.wav
p227_340_shriveled|wavs/p259_458.wav|I'm hoping this voice can sound more shriveled.|wavs/p227_340.wav
p312_266_pure|wavs/p335_195.wav|I want the voice to take on a purer vibe.|wavs/p312_266.wav
p312_266_bright|wavs/p351_198.wav|Try making the voice sound brighter.|wavs/p312_266.wav
p312_266_rich|wavs/p336_388.wav|Could the voice come out a little richer?|wavs/p312_266.wav
p265_231_muddy|wavs/p253_218.wav|Tune this voice so it sounds a little muddier.|wavs/p265_231.wav
p265_231_slim|wavs/p288_224.wav|Let's lean this voice toward a slimmer quality.|wavs/p265_231.wav
p265_231_soft|wavs/p257_048.wav|Try making the voice sound softer.|wavs/p265_231.wav
p312_385_muddy|wavs/p288_373.wav|Could the voice come out a little muddier?|wavs/p312_385.wav
p312_385_pure|wavs/p335_288.wav|Let's lean this voice toward a purer quality.|wavs/p312_385.wav
p312_385_magnetic|wavs/p262_035.wav|How about making the voice a bit more magnetic?|wavs/p312_385.wav
p276_307_muddy|wavs/p261_346.wav|Shape this voice to be muddier.|wavs/p276_307.wav
p276_307_bright|wavs/p361_161.wav|Bring out a brighter quality in this voice.|wavs/p276_307.wav
p276_307_low|wavs/p248_117.wav|I want the voice to take on a lower vibe.|wavs/p276_307.wav
p295_209_slim|wavs/p343_094.wav|How about making the voice a bit slimmer?|wavs/p295_209.wav
p295_209_flat|wavs/p329_358.wav|Make this voice sound flatter.|wavs/p295_209.wav
p295_209_coarse|wavs/p323_065.wav|Let's lean this voice toward a coarser quality.|wavs/p295_209.wav
p265_202_bright|wavs/p323_050.wav|Tune this voice so it sounds a little brighter.|wavs/p265_202.wav
p265_202_slim|wavs/p229_284.wav|Adjust the voice so it feels slimmer.|wavs/p265_202.wav
p265_202_low|wavs/p339_127.wav|Adjust the voice so it feels lower.|wavs/p265_202.wav
p292_139_pure|wavs/p374_203.wav|I want the voice to take on a purer vibe.|wavs/p292_139.wav
p292_139_low|wavs/p286_425.wav|Could you make this voice a touch lower?|wavs/p292_139.wav
p292_139_round|wavs/p251_275.wav|Could you make this voice a touch rounder?|wavs/p292_139.wav
