0Fi83BHQsMA_00002|wavs/0Fi83BHQsMA_00002.wav|images/0Fi83BHQsMA_00002.jpg|We really don't walk anymore.
0QVXdEOiCw8_00001|wavs/0QVXdEOiCw8_00001.wav|images/0QVXdEOiCw8_00001.jpg|I wasn't very good at reading things.
0VJqrlH9cdI_00001|wavs/0VJqrlH9cdI_00001.wav|images/0VJqrlH9cdI_00001.jpg|And he said on the spot absolutely yes.
0ZfSOArXbGQ_00001|wavs/0ZfSOArXbGQ_00001.wav|images/0ZfSOArXbGQ_00001.jpg|We said yes.
0gks6ceq4eQ_00002|wavs/0gks6ceq4eQ_00002.wav|images/0gks6ceq4eQ_00002.jpg|Not what is it.
0iIh5YYDR2o_00001|wavs/0iIh5YYDR2o_00001.wav|images/0iIh5YYDR2o_00001.jpg|I'm not a social problem guy.
18uDutylDa4_00001|wavs/18uDutylDa4_00001.wav|images/18uDutylDa4_00001.jpg|I feel guilty sometimes.
1K5SycZjGhI_00001|wavs/1K5SycZjGhI_00001.wav|images/1K5SycZjGhI_00001.jpg|Blocks have names.
1L6lSFiV4xo_00002|wavs/1L6lSFiV4xo_00002.wav|images/1L6lSFiV4xo_00002.jpg|You just have to find another term and look that up.
1PNX6MSdVsk_00001|wavs/1PNX6MSdVsk_00001.wav|images/1PNX6MSdVsk_00001.jpg|I don't have an overview.
1US4jjWtua8_00001|wavs/1US4jjWtua8_00001.wav|images/1US4jjWtua8_00001.jpg|We're going to eat these cows.
1bnzVjOJ6NM_00001|wavs/1bnzVjOJ6NM_00001.wav|images/1bnzVjOJ6NM_00001.jpg|We've done the research.
27lMmdmySb8_00001|wavs/27lMmdmySb8_00001.wav|images/27lMmdmySb8_00001.jpg|Everybody focuses on the things that kill us and that's what i was focusing on.
2SlBiFZ85d0_00002|wavs/2SlBiFZ85d0_00002.wav|images/2SlBiFZ85d0_00002.jpg|I have three sons so i see how they fight.
2UStOghblfE_00001|wavs/2UStOghblfE_00001.wav|images/2UStOghblfE_00001.jpg|Why are we embedded in social networks.
3A1LvXRnpVg_00001|wavs/3A1LvXRnpVg_00001.wav|images/3A1LvXRnpVg_00001.jpg|Give me input.
3OgsRa7VDtI_00001|wavs/3OgsRa7VDtI_00001.wav|images/3OgsRa7VDtI_00001.jpg|They can't get what they need when they need it.
3nSEitPb7BU_00001|wavs/3nSEitPb7BU_00001.wav|images/3nSEitPb7BU_00001.jpg|But it wasn't just individuals.
3r1IPsldbBg_00002|wavs/3r1IPsldbBg_00002.wav|images/3r1IPsldbBg_00002.jpg|Well there's a self fulfilling prophecy.
3uSQlcGCHUU_00001|wavs/3uSQlcGCHUU_00001.wav|images/3uSQlcGCHUU_00001.jpg|This economy won't work and thomas jefferson saying the people won't trust that.
3vfuCPFb8wk_00001|wavs/3vfuCPFb8wk_00001.wav|images/3vfuCPFb8wk_00001.jpg|But it's more complicated.
3zqZPujAPuc_00001|wavs/3zqZPujAPuc_00001.wav|images/3zqZPujAPuc_00001.jpg|So no more missing guys.
48xS00Iy0ac_00002|wavs/48xS00Iy0ac_00002.wav|images/48xS00Iy0ac_00002.jpg|Buildings can be like people.
4AYE3w5TWHs_00004|wavs/4AYE3w5TWHs_00004.wav|images/4AYE3w5TWHs_00004.jpg|And then at 11 o'clock they stopped talking about these little issues.
4ErEBkjS3PY_00001|wavs/4ErEBkjS3PY_00001.wav|images/4ErEBkjS3PY_00001.jpg|I'm a professor and we're passionate about education.
4Q2aznfmcYU_00001|wavs/4Q2aznfmcYU_00001.wav|images/4Q2aznfmcYU_00001.jpg|Now don't get me wrong.
4n8qT0vQbWk_00001|wavs/4n8qT0vQbWk_00001.wav|images/4n8qT0vQbWk_00001.jpg|But this is what i heard from a lot of outraged people.
4v4XxlfVk3o_00001|wavs/4v4XxlfVk3o_00001.wav|images/4v4XxlfVk3o_00001.jpg|This is completely bizarre.
55yGmKc6WfE_00001|wavs/55yGmKc6WfE_00001.wav|images/55yGmKc6WfE_00001.jpg|They're looking and looking and finding love.
5Knz100ldLM_00001|wavs/5Knz100ldLM_00001.wav|images/5Knz100ldLM_00001.jpg|We can open up city hall.
5P04stEjJ9E_00003|wavs/5P04stEjJ9E_00003.wav|images/5P04stEjJ9E_00003.jpg|I'm not a military brat.
5Yj3nGv0kn8_00001|wavs/5Yj3nGv0kn8_00001.wav|images/5Yj3nGv0kn8_00001.jpg|Are you losing your mind.
5b5BDoddOLA_00001|wavs/5b5BDoddOLA_00001.wav|images/5b5BDoddOLA_00001.jpg|So that was easy.
5ifMRNag2XU_00001|wavs/5ifMRNag2XU_00001.wav|images/5ifMRNag2XU_00001.jpg|I want to be the center of attention.
5riPKdpuoiI_00002|wavs/5riPKdpuoiI_00002.wav|images/5riPKdpuoiI_00002.jpg|Did you find the gold.
62cNtvx6P8E_00001|wavs/62cNtvx6P8E_00001.wav|images/62cNtvx6P8E_00001.jpg|I could make that decision.
66koScWSHBU_00001|wavs/66koScWSHBU_00001.wav|images/66koScWSHBU_00001.jpg|And the problem that we're solving is what are those things.
6OaIdwUdSxE_00003|wavs/6OaIdwUdSxE_00003.wav|images/6OaIdwUdSxE_00003.jpg|Make me laugh.
6Waurx8eS1o_00001|wavs/6Waurx8eS1o_00001.wav|images/6Waurx8eS1o_00001.jpg|How can somebody like that make you feel smart.
6kHSuYwt0qs_00002|wavs/6kHSuYwt0qs_00002.wav|images/6kHSuYwt0qs_00002.jpg|We don't use audio we don't use video.
6ra1MIKlYB0_00002|wavs/6ra1MIKlYB0_00002.wav|images/6ra1MIKlYB0_00002.jpg|How are you.
6wNif5SlN08_00001|wavs/6wNif5SlN08_00001.wav|images/6wNif5SlN08_00001.jpg|The boys reminded me of home.
7OMLSs8t1ng_00001|wavs/7OMLSs8t1ng_00001.wav|images/7OMLSs8t1ng_00001.jpg|I do understand it.
7ZymFMmpOa0_00002|wavs/7ZymFMmpOa0_00002.wav|images/7ZymFMmpOa0_00002.jpg|But in fact they found something very surprising.
7gXq1ml6B1E_00001|wavs/7gXq1ml6B1E_00001.wav|images/7gXq1ml6B1E_00001.jpg|It's natural connective tissue.
7gkdzkVbuVA_00001|wavs/7gkdzkVbuVA_00001.wav|images/7gkdzkVbuVA_00001.jpg|Originally the sample was aged 18 to 94.
7hQ0rgVfsP8_00001|wavs/7hQ0rgVfsP8_00001.wav|images/7hQ0rgVfsP8_00001.jpg|Well i was surprised.
7kkRkhAXZGg_00003|wavs/7kkRkhAXZGg_00003.wav|images/7kkRkhAXZGg_00003.jpg|Now in all seriousness movies are actually really important.
7nZqiPLCvM4_00001|wavs/7nZqiPLCvM4_00001.wav|images/7nZqiPLCvM4_00001.jpg|You don't do much editing.
7qT3RpaBlJo_00001|wavs/7qT3RpaBlJo_00001.wav|images/7qT3RpaBlJo_00001.jpg|It is my belief that to create these rare game changers requires you to pull off at least.
7uN4I1wEOXE_00001|wavs/7uN4I1wEOXE_00001.wav|images/7uN4I1wEOXE_00001.jpg|I have to take a year off.
81Ub0SMxZQo_00001|wavs/81Ub0SMxZQo_00001.wav|images/81Ub0SMxZQo_00001.jpg|I'm talking about teachers.
87AEeLpodnE_00001|wavs/87AEeLpodnE_00001.wav|images/87AEeLpodnE_00001.jpg|They supported me all the way through it.
8GQZuzIdeQQ_00001|wavs/8GQZuzIdeQQ_00001.wav|images/8GQZuzIdeQQ_00001.jpg|It wasn't who i was.
8HfoKd873HY_00001|wavs/8HfoKd873HY_00001.wav|images/8HfoKd873HY_00001.jpg|I tried everything.
8K9Gg164Bsw_00001|wavs/8K9Gg164Bsw_00001.wav|images/8K9Gg164Bsw_00001.jpg|What a contradiction.
8UhqkX2VAmo_00001|wavs/8UhqkX2VAmo_00001.wav|images/8UhqkX2VAmo_00001.jpg|Otherwise millions more will die.
8VwTZFYSfvw_00001|wavs/8VwTZFYSfvw_00001.wav|images/8VwTZFYSfvw_00001.jpg|I don't even know if it's a real job title to be honest.
8Z24LCysq3A_00001|wavs/8Z24LCysq3A_00001.wav|images/8Z24LCysq3A_00001.jpg|One thousand eight hundred and thirty six people died.
8iSpNVj5KMw_00001|wavs/8iSpNVj5KMw_00001.wav|images/8iSpNVj5KMw_00001.jpg|He got part time i.
8mPpe8AL21A_00001|wavs/8mPpe8AL21A_00001.wav|images/8mPpe8AL21A_00001.jpg|Because each year the winner has come from a different tribal group.
8nbeD1mwCdo_00001|wavs/8nbeD1mwCdo_00001.wav|images/8nbeD1mwCdo_00001.jpg|Does the water stay there forever.
8nt3edWLgIg_00001|wavs/8nt3edWLgIg_00001.wav|images/8nt3edWLgIg_00001.jpg|We don't need moore's law to continue.
8vNIrPeRGlM_00001|wavs/8vNIrPeRGlM_00001.wav|images/8vNIrPeRGlM_00001.jpg|It cracked open my world.
95ovIJ3dsNk_00002|wavs/95ovIJ3dsNk_00002.wav|images/95ovIJ3dsNk_00002.jpg|For hepatitis it was also two and a half times.
9B0PaSznWJE_00002|wavs/9B0PaSznWJE_00002.wav|images/9B0PaSznWJE_00002.jpg|So thank you very much.
9CqVYUOjHLw_00002|wavs/9CqVYUOjHLw_00002.wav|images/9CqVYUOjHLw_00002.jpg|It's the war on terror.
9JKy6ZfmBn0_00001|wavs/9JKy6ZfmBn0_00001.wav|images/9JKy6ZfmBn0_00001.jpg|You don't get a chance to mess it up.
9RMx31GnNXY_00001|wavs/9RMx31GnNXY_00001.wav|images/9RMx31GnNXY_00001.jpg|Plus we have stem cells.
9TPFLHvn024_00002|wavs/9TPFLHvn024_00002.wav|images/9TPFLHvn024_00002.jpg|There were no back doors.
9YekkGz1E2k_00001|wavs/9YekkGz1E2k_00001.wav|images/9YekkGz1E2k_00001.jpg|I had to do something.
9kBKQS7J7xI_00001|wavs/9kBKQS7J7xI_00001.wav|images/9kBKQS7J7xI_00001.jpg|I don't paint.
9uOMectkCCs_00001|wavs/9uOMectkCCs_00001.wav|images/9uOMectkCCs_00001.jpg|Dan replies so often you won't even notice it.
AMVgX8cXsHA_00002|wavs/AMVgX8cXsHA_00002.wav|images/AMVgX8cXsHA_00002.jpg|And that's bad.
AO4In7d6XSc_00001|wavs/AO4In7d6XSc_00001.wav|images/AO4In7d6XSc_00001.jpg|What about manipulation.
AWPrOvzzqZk_00002|wavs/AWPrOvzzqZk_00002.wav|images/AWPrOvzzqZk_00002.jpg|And when you think about it it makes a lot of sense because forming a question is a really complex.
AegIbt2j0sU_00001|wavs/AegIbt2j0sU_00001.wav|images/AegIbt2j0sU_00001.jpg|And they also knew that they can tap into a workforce.
AsSd2nmoKNA_00001|wavs/AsSd2nmoKNA_00001.wav|images/AsSd2nmoKNA_00001.jpg|I tagged along with my neighbors.
B8rmi95pYL0_00002|wavs/B8rmi95pYL0_00002.wav|images/B8rmi95pYL0_00002.jpg|The key here really is knowledge.
BHY0FxzoKZE_00002|wavs/BHY0FxzoKZE_00002.wav|images/BHY0FxzoKZE_00002.jpg|I tried everything.
BImnT7lcLDE_00001|wavs/BImnT7lcLDE_00001.wav|images/BImnT7lcLDE_00001.jpg|You just had to do things sometimes.
BQZKs75RMqM_00001|wavs/BQZKs75RMqM_00001.wav|images/BQZKs75RMqM_00001.jpg|It's almost becoming the syntax of a new language.
BhMKmovNjvc_00001|wavs/BhMKmovNjvc_00001.wav|images/BhMKmovNjvc_00001.jpg|On the other hand statistics that's a subject that you could and should use.
Bo8YN3oB0Cw_00002|wavs/Bo8YN3oB0Cw_00002.wav|images/Bo8YN3oB0Cw_00002.jpg|This is what i'm supposed to naturally be able to do.
Bs86giWcjLA_00001|wavs/Bs86giWcjLA_00001.wav|images/Bs86giWcjLA_00001.jpg|And you know what.
BvpmZktlBFs_00002|wavs/BvpmZktlBFs_00002.wav|images/BvpmZktlBFs_00002.jpg|Did you hear he has gone mad.
BzeTjn0R2VY_00001|wavs/BzeTjn0R2VY_00001.wav|images/BzeTjn0R2VY_00001.jpg|I mean everyone did.
CDsNZJTWw0w_00001|wavs/CDsNZJTWw0w_00001.wav|images/CDsNZJTWw0w_00001.jpg|I have resources.
CdZJ0SMbh10_00001|wavs/CdZJ0SMbh10_00001.wav|images/CdZJ0SMbh10_00001.jpg|And is this really the solution.
CgNx9Bgac1I_00002|wavs/CgNx9Bgac1I_00002.wav|images/CgNx9Bgac1I_00002.jpg|So i went to my doctor.
ClfBxWPkBKU_00001|wavs/ClfBxWPkBKU_00001.wav|images/ClfBxWPkBKU_00001.jpg|In other words a coroner could find these things because this is a fatal recipe.
CxEqV8WtfOo_00001|wavs/CxEqV8WtfOo_00001.wav|images/CxEqV8WtfOo_00001.jpg|I'm 27 years old.
D8SSLLnV3W8_00001|wavs/D8SSLLnV3W8_00001.wav|images/D8SSLLnV3W8_00001.jpg|That's more expensive.
DCIL2nvU4x8_00001|wavs/DCIL2nvU4x8_00001.wav|images/DCIL2nvU4x8_00001.jpg|And when we do the results will often surprise.
DDaldVHUedI_00002|wavs/DDaldVHUedI_00002.wav|images/DDaldVHUedI_00002.jpg|I wanted to stay in this relationship.
DOgsYATbVSs_00001|wavs/DOgsYATbVSs_00001.wav|images/DOgsYATbVSs_00001.jpg|But here's the thing.
DjeIpjhAqsM_00002|wavs/DjeIpjhAqsM_00002.wav|images/DjeIpjhAqsM_00002.jpg|And that led me to this project.
DsrxbqFo41k_00002|wavs/DsrxbqFo41k_00002.wav|images/DsrxbqFo41k_00002.jpg|So i went to church as often as i could.
E0oPnS7rUwE_00001|wavs/E0oPnS7rUwE_00001.wav|images/E0oPnS7rUwE_00001.jpg|It's a performance venue.
E22icGCvGXk_00001|wavs/E22icGCvGXk_00001.wav|images/E22icGCvGXk_00001.jpg|They're completely flat and they're basically cardboard characters.
EGjxIS5MPUY_00001|wavs/EGjxIS5MPUY_00001.wav|images/EGjxIS5MPUY_00001.jpg|It's always what it was and what it can be.
EV3OmxrowWE_00001|wavs/EV3OmxrowWE_00001.wav|images/EV3OmxrowWE_00001.jpg|They're not my children.
F3OhcpKSUBc_00001|wavs/F3OhcpKSUBc_00001.wav|images/F3OhcpKSUBc_00001.jpg|And looking at that pattern.
F5h6ynoq8uM_00001|wavs/F5h6ynoq8uM_00001.wav|images/F5h6ynoq8uM_00001.jpg|What's this guy talking about.
FD6CqD1kV8s_00001|wavs/FD6CqD1kV8s_00001.wav|images/FD6CqD1kV8s_00001.jpg|And he's a bad guy.
FFG2rilqT2g_00003|wavs/FFG2rilqT2g_00003.wav|images/FFG2rilqT2g_00003.jpg|Well you get several things.
FKxaL8Iau8Q_00001|wavs/FKxaL8Iau8Q_00001.wav|images/FKxaL8Iau8Q_00001.jpg|So what is an idea drawing.
FQEEMpzPZlY_00001|wavs/FQEEMpzPZlY_00001.wav|images/FQEEMpzPZlY_00001.jpg|They change from person to person.
FcmSmAwPkxg_00001|wavs/FcmSmAwPkxg_00001.wav|images/FcmSmAwPkxg_00001.jpg|We've all done this.
Fivy99RtMfM_00002|wavs/Fivy99RtMfM_00002.wav|images/Fivy99RtMfM_00002.jpg|That's awful right.
FmpIMt95ndU_00001|wavs/FmpIMt95ndU_00001.wav|images/FmpIMt95ndU_00001.jpg|Sort of leadership by humiliation.
FqrLUtIFVjs_00001|wavs/FqrLUtIFVjs_00001.wav|images/FqrLUtIFVjs_00001.jpg|So how does this work.
FxtSMZKMdes_00002|wavs/FxtSMZKMdes_00002.wav|images/FxtSMZKMdes_00002.jpg|We have the right to respect.
G2XBIkHW954_00002|wavs/G2XBIkHW954_00002.wav|images/G2XBIkHW954_00002.jpg|We're seeing the baby brain.
GAMR5RDSLJo_00005|wavs/GAMR5RDSLJo_00005.wav|images/GAMR5RDSLJo_00005.jpg|Lots of money.
GGScU5ESei4_00001|wavs/GGScU5ESei4_00001.wav|images/GGScU5ESei4_00001.jpg|But there's actually more to the story than that.
GIbz9ms9Z9k_00001|wavs/GIbz9ms9Z9k_00001.wav|images/GIbz9ms9Z9k_00001.jpg|You have to have a high tech experience of pregnancy otherwise something might go wrong.
GMynksvCcUI_00001|wavs/GMynksvCcUI_00001.wav|images/GMynksvCcUI_00001.jpg|My father worked at this factory he said.
GSf6nijSSdA_00002|wavs/GSf6nijSSdA_00002.wav|images/GSf6nijSSdA_00002.jpg|I've tried engaging people.
GZadCj8O1S0_00001|wavs/GZadCj8O1S0_00001.wav|images/GZadCj8O1S0_00001.jpg|So that's it for now.
Gmai4zkKNcM_00001|wavs/Gmai4zkKNcM_00001.wav|images/Gmai4zkKNcM_00001.jpg|It came from the way in which beijing has grown as a city.
GqnJFm1CS3c_00002|wavs/GqnJFm1CS3c_00002.wav|images/GqnJFm1CS3c_00002.jpg|Don't get me wrong it's not like we don't have comedy in the middle east.
GvGAIGbnX7E_00001|wavs/GvGAIGbnX7E_00001.wav|images/GvGAIGbnX7E_00001.jpg|They have to be able to teach us something as well.
H14bBuluwB8_00001|wavs/H14bBuluwB8_00001.wav|images/H14bBuluwB8_00001.jpg|My research team and i went to west point military academy.
H9ZOpQzjukY_00001|wavs/H9ZOpQzjukY_00001.wav|images/H9ZOpQzjukY_00001.jpg|We're going to start putting an entire layer of digital information on the real world.
HD4bpztESWw_00001|wavs/HD4bpztESWw_00001.wav|images/HD4bpztESWw_00001.jpg|We're on the grid.
HI7zfpitZpo_00002|wavs/HI7zfpitZpo_00002.wav|images/HI7zfpitZpo_00002.jpg|Who or what inspires you and why.
HSercnrqeN4_00001|wavs/HSercnrqeN4_00001.wav|images/HSercnrqeN4_00001.jpg|I exist because i have my women friends.
HUM2rCIUdeI_00001|wavs/HUM2rCIUdeI_00001.wav|images/HUM2rCIUdeI_00001.jpg|I looked at slaves.
HbUeAdVXOVc_00001|wavs/HbUeAdVXOVc_00001.wav|images/HbUeAdVXOVc_00001.jpg|This is the only part that's battery backed up.
HdwOlk6HIVc_00001|wavs/HdwOlk6HIVc_00001.wav|images/HdwOlk6HIVc_00001.jpg|And germany and france.
HiwJ0hNl1Fw_00002|wavs/HiwJ0hNl1Fw_00002.wav|images/HiwJ0hNl1Fw_00002.jpg|The same tool that united us to topple dictators.
Hj9oB4zpHww_00001|wavs/Hj9oB4zpHww_00001.wav|images/Hj9oB4zpHww_00001.jpg|What is worth dying for.
HqekWfSJCSA_00002|wavs/HqekWfSJCSA_00002.wav|images/HqekWfSJCSA_00002.jpg|We can change our minds.
Ht2fzax9wV0_00001|wavs/Ht2fzax9wV0_00001.wav|images/Ht2fzax9wV0_00001.jpg|You need to be able to do something with it.
IPBCxlxSSVk_00001|wavs/IPBCxlxSSVk_00001.wav|images/IPBCxlxSSVk_00001.jpg|We will not be there.
IS4IK8CiLg8_00001|wavs/IS4IK8CiLg8_00001.wav|images/IS4IK8CiLg8_00001.jpg|What is that.
IThAD5yKrgE_00001|wavs/IThAD5yKrgE_00001.wav|images/IThAD5yKrgE_00001.jpg|It's not exactly rocket science.
IWdzrZdRa38_00001|wavs/IWdzrZdRa38_00001.wav|images/IWdzrZdRa38_00001.jpg|It's changed the way we talk.
IjbTiRbeNpM_00001|wavs/IjbTiRbeNpM_00001.wav|images/IjbTiRbeNpM_00001.jpg|That was the only way to get anything done.
Ip2SQa50uBI_00001|wavs/Ip2SQa50uBI_00001.wav|images/Ip2SQa50uBI_00001.jpg|China is the world's greatest anti poverty program over the last three decades.
J8FyHI00ELY_00001|wavs/J8FyHI00ELY_00001.wav|images/J8FyHI00ELY_00001.jpg|That's what happened with my dad.
JFQLvbVJVMg_00001|wavs/JFQLvbVJVMg_00001.wav|images/JFQLvbVJVMg_00001.jpg|So this is obvious right.
JHk9YVjhk7c_00001|wavs/JHk9YVjhk7c_00001.wav|images/JHk9YVjhk7c_00001.jpg|Is it that i write very well.
JISHzvXk5bk_00001|wavs/JISHzvXk5bk_00001.wav|images/JISHzvXk5bk_00001.jpg|Quite the opposite.
JP0w9lZoLwU_00002|wavs/JP0w9lZoLwU_00002.wav|images/JP0w9lZoLwU_00002.jpg|Thank you very much.
JSSc7hYKstI_00005|wavs/JSSc7hYKstI_00005.wav|images/JSSc7hYKstI_00005.jpg|Especially when it comes to climate change.
JTN9Nx8VYtk_00002|wavs/JTN9Nx8VYtk_00002.wav|images/JTN9Nx8VYtk_00002.jpg|I don't have an answer.
Jc9RdbHEFa0_00001|wavs/Jc9RdbHEFa0_00001.wav|images/Jc9RdbHEFa0_00001.jpg|I don't know.
JcJ3MfJNm6g_00001|wavs/JcJ3MfJNm6g_00001.wav|images/JcJ3MfJNm6g_00001.jpg|The science is there.
Jm2dWbNsnZI_00001|wavs/Jm2dWbNsnZI_00001.wav|images/Jm2dWbNsnZI_00001.jpg|Let's think about your ethical footprint.
KNSRifMSSvM_00001|wavs/KNSRifMSSvM_00001.wav|images/KNSRifMSSvM_00001.jpg|And he wanted one so badly.
KPNn880KWfU_00003|wavs/KPNn880KWfU_00003.wav|images/KPNn880KWfU_00003.jpg|Which brings me to my second point.
KuWXfjyGhk0_00001|wavs/KuWXfjyGhk0_00001.wav|images/KuWXfjyGhk0_00001.jpg|A huge opportunity unleashing of new potential for innovation for development.
KvvjDOtS2sw_00005|wavs/KvvjDOtS2sw_00005.wav|images/KvvjDOtS2sw_00005.jpg|I didn't always succeed.
KxLMjn4WPBY_00001|wavs/KxLMjn4WPBY_00001.wav|images/KxLMjn4WPBY_00001.jpg|Race is a social category that has staggering biological consequences.
LEx6K4P4GJc_00001|wavs/LEx6K4P4GJc_00001.wav|images/LEx6K4P4GJc_00001.jpg|I know platforms i know computers they put me on the internet when i was young.
LHHlPnfOtRo_00001|wavs/LHHlPnfOtRo_00001.wav|images/LHHlPnfOtRo_00001.jpg|Well that's exciting.
LIckScLypGA_00001|wavs/LIckScLypGA_00001.wav|images/LIckScLypGA_00001.jpg|And dance has progressed.
LIy2oVJtJsA_00002|wavs/LIy2oVJtJsA_00002.wav|images/LIy2oVJtJsA_00002.jpg|They're not donated.
LYCKzpXEW6E_00001|wavs/LYCKzpXEW6E_00001.wav|images/LYCKzpXEW6E_00001.jpg|How could i come from a nation.
Li4S1yyrsTI_00001|wavs/Li4S1yyrsTI_00001.wav|images/Li4S1yyrsTI_00001.jpg|Why do i believe this.
LiUClSItcy0_00001|wavs/LiUClSItcy0_00001.wav|images/LiUClSItcy0_00001.jpg|Texting has a 100 percent open rate.
LjAsM1vAhW0_00001|wavs/LjAsM1vAhW0_00001.wav|images/LjAsM1vAhW0_00001.jpg|The nazis invaded the netherlands.
LpROaNue9GM_00001|wavs/LpROaNue9GM_00001.wav|images/LpROaNue9GM_00001.jpg|But when i was little i remember he would kill flies in our house with my bb gun.
LujWrkYsl64_00002|wavs/LujWrkYsl64_00002.wav|images/LujWrkYsl64_00002.jpg|It was like a star trek episode you know.
M0SbSz5Le10_00002|wavs/M0SbSz5Le10_00002.wav|images/M0SbSz5Le10_00002.jpg|I started off in uganda.
M5PiTCwoQRo_00001|wavs/M5PiTCwoQRo_00001.wav|images/M5PiTCwoQRo_00001.jpg|Well not so fast.
M6TMSQWI9m4_00001|wavs/M6TMSQWI9m4_00001.wav|images/M6TMSQWI9m4_00001.jpg|I'm in tucson.
M7KSnq0xkWY_00001|wavs/M7KSnq0xkWY_00001.wav|images/M7KSnq0xkWY_00001.jpg|We have to throw it away.
MIAS1xQc7x8_00002|wavs/MIAS1xQc7x8_00002.wav|images/MIAS1xQc7x8_00002.jpg|We can do it again.
MNuOmTQdFjA_00001|wavs/MNuOmTQdFjA_00001.wav|images/MNuOmTQdFjA_00001.jpg|And i don't have to do anything.
MsLuQM5V3FA_00001|wavs/MsLuQM5V3FA_00001.wav|images/MsLuQM5V3FA_00001.jpg|My other great passion is the environment.
Mt0PiXLvYlU_00003|wavs/Mt0PiXLvYlU_00003.wav|images/Mt0PiXLvYlU_00003.jpg|Go i said again sweat forming on my brow.
MvXZzKZ3JYQ_00001|wavs/MvXZzKZ3JYQ_00001.wav|images/MvXZzKZ3JYQ_00001.jpg|My mother was on the line to tell me that doctors had found a lump in his stomach terminal cancer.
NA7krbsdXFA_00002|wavs/NA7krbsdXFA_00002.wav|images/NA7krbsdXFA_00002.jpg|We suspended our values.
NCJTV5KaJJc_00001|wavs/NCJTV5KaJJc_00001.wav|images/NCJTV5KaJJc_00001.jpg|Last week alone i got 238 pieces of nasty email and more.
NL0uxDscjdo_00001|wavs/NL0uxDscjdo_00001.wav|images/NL0uxDscjdo_00001.jpg|And so they took them to some safe place.
NYKcOFQCeno_00001|wavs/NYKcOFQCeno_00001.wav|images/NYKcOFQCeno_00001.jpg|And that might have been the case.
NoCOagL69Ss_00001|wavs/NoCOagL69Ss_00001.wav|images/NoCOagL69Ss_00001.jpg|To me it's not that clear.
NqOjj1FCcVY_00001|wavs/NqOjj1FCcVY_00001.wav|images/NqOjj1FCcVY_00001.jpg|Imagine if we had across the country right now in local places but.
O0JDDyqtSVY_00001|wavs/O0JDDyqtSVY_00001.wav|images/O0JDDyqtSVY_00001.jpg|But you know what.
O3a9AYu5SUQ_00001|wavs/O3a9AYu5SUQ_00001.wav|images/O3a9AYu5SUQ_00001.jpg|And that's pretty amazing.
O6Vayv9FCLM_00001|wavs/O6Vayv9FCLM_00001.wav|images/O6Vayv9FCLM_00001.jpg|That option is actually not on the table.
ODLgS00f9BE_00002|wavs/ODLgS00f9BE_00002.wav|images/ODLgS00f9BE_00002.jpg|We could only think of one way.
OIlSXRCSBSI_00001|wavs/OIlSXRCSBSI_00001.wav|images/OIlSXRCSBSI_00001.jpg|I even read many self help books.
OM6XIICmSqo_00001|wavs/OM6XIICmSqo_00001.wav|images/OM6XIICmSqo_00001.jpg|Who's at the event.
ONM4JupBzSE_00001|wavs/ONM4JupBzSE_00001.wav|images/ONM4JupBzSE_00001.jpg|It's right there for you to find.
ORthzIOEf30_00001|wavs/ORthzIOEf30_00001.wav|images/ORthzIOEf30_00001.jpg|It was appalling.
OYfoGTIG7pY_00001|wavs/OYfoGTIG7pY_00001.wav|images/OYfoGTIG7pY_00001.jpg|Pain runs through my body with the fires of my love for you.
Ok6LbV6bqaE_00002|wavs/Ok6LbV6bqaE_00002.wav|images/Ok6LbV6bqaE_00002.jpg|When you really look at it how is it that young people spend most of their time using new technologies.
OwgWkUIm9Gc_00003|wavs/OwgWkUIm9Gc_00003.wav|images/OwgWkUIm9Gc_00003.jpg|You board the plane.
OzA6jRYjVQs_00001|wavs/OzA6jRYjVQs_00001.wav|images/OzA6jRYjVQs_00001.jpg|It's about people.
P2AUat93a8Q_00002|wavs/P2AUat93a8Q_00002.wav|images/P2AUat93a8Q_00002.jpg|Would you like to create a second one together.
PSlBlZ3hqKc_00001|wavs/PSlBlZ3hqKc_00001.wav|images/PSlBlZ3hqKc_00001.jpg|We are talking about the venues in which those public spaces where we come together.
PYHd7rpOTe8_00001|wavs/PYHd7rpOTe8_00001.wav|images/PYHd7rpOTe8_00001.jpg|But you know what the actual facts are.
PaxNc5Sqn6s_00001|wavs/PaxNc5Sqn6s_00001.wav|images/PaxNc5Sqn6s_00001.jpg|Make it about the other party.
PbgB2TaYhio_00001|wavs/PbgB2TaYhio_00001.wav|images/PbgB2TaYhio_00001.jpg|Well i think about this all the time.
PhVP1tNeGyY_00001|wavs/PhVP1tNeGyY_00001.wav|images/PhVP1tNeGyY_00001.jpg|How cool is that.
PrK0CifulU0_00003|wavs/PrK0CifulU0_00003.wav|images/PrK0CifulU0_00003.jpg|Now hamilton was everything madison was not.
Q6U69HbAF9Y_00002|wavs/Q6U69HbAF9Y_00002.wav|images/Q6U69HbAF9Y_00002.jpg|Well we bought one of these.
QKHkSUiQboA_00003|wavs/QKHkSUiQboA_00003.wav|images/QKHkSUiQboA_00003.jpg|It's kind of the anti reality tv.
QeIrdqU0o9s_00002|wavs/QeIrdqU0o9s_00002.wav|images/QeIrdqU0o9s_00002.jpg|I am fascinated by those times when people do not see eye to eye.
QleRgTBMX88_00001|wavs/QleRgTBMX88_00001.wav|images/QleRgTBMX88_00001.jpg|I think this is a problem.
QoT0S2vu9m4_00001|wavs/QoT0S2vu9m4_00001.wav|images/QoT0S2vu9m4_00001.jpg|That's a terrible waste of time.
QoyBYYpal1Y_00001|wavs/QoyBYYpal1Y_00001.wav|images/QoyBYYpal1Y_00001.jpg|So the very first thing we wanted to do in this building was look at the air system.
QuIS7J59SYw_00001|wavs/QuIS7J59SYw_00001.wav|images/QuIS7J59SYw_00001.jpg|That's my question.
RAR4cz9wkUk_00001|wavs/RAR4cz9wkUk_00001.wav|images/RAR4cz9wkUk_00001.jpg|I was not going to cry myself to sleep.
RCXGpEmFbOw_00001|wavs/RCXGpEmFbOw_00001.wav|images/RCXGpEmFbOw_00001.jpg|There are no external cameras.
RD07GkmM2fc_00001|wavs/RD07GkmM2fc_00001.wav|images/RD07GkmM2fc_00001.jpg|In fact it's more like five percent.
RDIy58g9n2k_00002|wavs/RDIy58g9n2k_00002.wav|images/RDIy58g9n2k_00002.jpg|It's just incredible.
RDSSLJG7oi8_00001|wavs/RDSSLJG7oi8_00001.wav|images/RDSSLJG7oi8_00001.jpg|I'm not strong enough to lift my carry on bag from the ground to the carousel.
RE4ce4mexrU_00002|wavs/RE4ce4mexrU_00002.wav|images/RE4ce4mexrU_00002.jpg|It's not one way.
ROgFmb3oTLo_00001|wavs/ROgFmb3oTLo_00001.wav|images/ROgFmb3oTLo_00001.jpg|They have different interests.
RaSlxoAUP5c_00001|wavs/RaSlxoAUP5c_00001.wav|images/RaSlxoAUP5c_00001.jpg|I sat there on the river for two months without seeing one.
RiM5aSvaNkg_00001|wavs/RiM5aSvaNkg_00001.wav|images/RiM5aSvaNkg_00001.jpg|I went to extreme lengths to try to be straight.
RlQ3CSVanaU_00001|wavs/RlQ3CSVanaU_00001.wav|images/RlQ3CSVanaU_00001.jpg|I don't understand.
RplnSVTzvnU_00001|wavs/RplnSVTzvnU_00001.wav|images/RplnSVTzvnU_00001.jpg|We can see everything on wikipedia.
Rw9s0ivfn3w_00001|wavs/Rw9s0ivfn3w_00001.wav|images/Rw9s0ivfn3w_00001.jpg|Because we can.
S2Dj9M71JAc_00003|wavs/S2Dj9M71JAc_00003.wav|images/S2Dj9M71JAc_00003.jpg|So when we met chuck was a senior in high school.
S6ufvYWTqQ0_00001|wavs/S6ufvYWTqQ0_00001.wav|images/S6ufvYWTqQ0_00001.jpg|He was also the first person to call me a feminist.
S7t6Ry4PlTo_00001|wavs/S7t6Ry4PlTo_00001.wav|images/S7t6Ry4PlTo_00001.jpg|It's been thought about for a while.
SE97Kgi0sR4_00001|wavs/SE97Kgi0sR4_00001.wav|images/SE97Kgi0sR4_00001.jpg|Think about that.
SFnMTHhKdkw_00003|wavs/SFnMTHhKdkw_00003.wav|images/SFnMTHhKdkw_00003.jpg|We can do this.
SN7wO06Yz1E_00002|wavs/SN7wO06Yz1E_00002.wav|images/SN7wO06Yz1E_00002.jpg|And they put on an opera all night long.
SS8TSf2srSw_00002|wavs/SS8TSf2srSw_00002.wav|images/SS8TSf2srSw_00002.jpg|Seventy five percent of them are women and children.
SSzRfSJTNW4_00001|wavs/SSzRfSJTNW4_00001.wav|images/SSzRfSJTNW4_00001.jpg|What is the exact relationship between levels of greenhouse gases and planetary.
SWiwSBLXS3k_00001|wavs/SWiwSBLXS3k_00001.wav|images/SWiwSBLXS3k_00001.jpg|And not just that.
SWvJxasiSZ8_00004|wavs/SWvJxasiSZ8_00004.wav|images/SWvJxasiSZ8_00004.jpg|But people did not relate to this.
Sa27SUR0Mlo_00001|wavs/Sa27SUR0Mlo_00001.wav|images/Sa27SUR0Mlo_00001.jpg|You see there's a lot of things we just don't have data on.
SaouBn7IKIo_00001|wavs/SaouBn7IKIo_00001.wav|images/SaouBn7IKIo_00001.jpg|We've been working together since well since we were kids really.
Sbm98rrVZzE_00001|wavs/Sbm98rrVZzE_00001.wav|images/Sbm98rrVZzE_00001.jpg|But i need your help.
Sddb0Khx0yA_00001|wavs/Sddb0Khx0yA_00001.wav|images/Sddb0Khx0yA_00001.jpg|So what to do next.
Sew0bn8mGAA_00002|wavs/Sew0bn8mGAA_00002.wav|images/Sew0bn8mGAA_00002.jpg|The second is you can put lots and lots of tests in a very small place.
Sktdq5z1NS4_00001|wavs/Sktdq5z1NS4_00001.wav|images/Sktdq5z1NS4_00001.jpg|And someone who has that kind of artistic potential deserves so much more.
SmLeSPk3ddE_00001|wavs/SmLeSPk3ddE_00001.wav|images/SmLeSPk3ddE_00001.jpg|Take a look at these.
SnSHsb5xKPo_00001|wavs/SnSHsb5xKPo_00001.wav|images/SnSHsb5xKPo_00001.jpg|It took six days to deploy a global malware campaign.
SpTGUTSFvf4_00001|wavs/SpTGUTSFvf4_00001.wav|images/SpTGUTSFvf4_00001.jpg|Some did not everybody.
SsqlpgMKjyU_00001|wavs/SsqlpgMKjyU_00001.wav|images/SsqlpgMKjyU_00001.jpg|I actually have no idea why.
Sv5QitqbxJw_00003|wavs/Sv5QitqbxJw_00003.wav|images/Sv5QitqbxJw_00003.jpg|They're too busy putting out daily fires to think ahead strategically.
TDaFwnOiKVE_00002|wavs/TDaFwnOiKVE_00002.wav|images/TDaFwnOiKVE_00002.jpg|And i said that's a good job.
TGZMSmcuiXM_00001|wavs/TGZMSmcuiXM_00001.wav|images/TGZMSmcuiXM_00001.jpg|That's what's so complicated about war.
TRajLqEaWhQ_00002|wavs/TRajLqEaWhQ_00002.wav|images/TRajLqEaWhQ_00002.jpg|That means at some point it's going to be your problem too.
TScetimMBL8_00002|wavs/TScetimMBL8_00002.wav|images/TScetimMBL8_00002.jpg|I realize of course that all countries are unique.
TUgBdSyK7S4_00001|wavs/TUgBdSyK7S4_00001.wav|images/TUgBdSyK7S4_00001.jpg|I imagine that my kids are going to live in a time when the most valuable commodities are fresh water.
TUxwiVFgghE_00001|wavs/TUxwiVFgghE_00001.wav|images/TUxwiVFgghE_00001.jpg|How much they do.
TVtgb153S6I_00001|wavs/TVtgb153S6I_00001.wav|images/TVtgb153S6I_00001.jpg|And we connected over really small things like the fact that i love country music which is really.
U6FvJ6jMGHU_00002|wavs/U6FvJ6jMGHU_00002.wav|images/U6FvJ6jMGHU_00002.jpg|That didn't go over really well.
U6PoUg7jXsA_00001|wavs/U6PoUg7jXsA_00001.wav|images/U6PoUg7jXsA_00001.jpg|The answer was no.
UAinLaT42xY_00001|wavs/UAinLaT42xY_00001.wav|images/UAinLaT42xY_00001.jpg|What makes technology useful and usable.
UAj1hsXp18c_00001|wavs/UAj1hsXp18c_00001.wav|images/UAj1hsXp18c_00001.jpg|I will craft my own drum.
UAq4yBdSYZs_00001|wavs/UAq4yBdSYZs_00001.wav|images/UAq4yBdSYZs_00001.jpg|So after 25 years i began to feel as though i was running dry.
UK8ccWSZkic_00001|wavs/UK8ccWSZkic_00001.wav|images/UK8ccWSZkic_00001.jpg|Of those seven have nuclear weapons.
ULNPLFrTirQ_00001|wavs/ULNPLFrTirQ_00001.wav|images/ULNPLFrTirQ_00001.jpg|I'm pushing and pulling with this object.
UMhLBPPtlrY_00002|wavs/UMhLBPPtlrY_00002.wav|images/UMhLBPPtlrY_00002.jpg|She got unlucky.
UZmXwOgNq7c_00001|wavs/UZmXwOgNq7c_00001.wav|images/UZmXwOgNq7c_00001.jpg|Only one percent of the people are actually farmers.
UmvOgW6iV2s_00001|wavs/UmvOgW6iV2s_00001.wav|images/UmvOgW6iV2s_00001.jpg|Casual speech is something quite different.
Us70DN2XSfM_00001|wavs/Us70DN2XSfM_00001.wav|images/Us70DN2XSfM_00001.jpg|Like why did i really have to mow the lawn.
UtBsl3j0YRQ_00002|wavs/UtBsl3j0YRQ_00002.wav|images/UtBsl3j0YRQ_00002.jpg|You haven't earned it.
V1yW5IsnSjo_00001|wavs/V1yW5IsnSjo_00001.wav|images/V1yW5IsnSjo_00001.jpg|I'm here to tell you the story of crazy love a psychological trap disguised as love one.
V4sSabKqyMU_00001|wavs/V4sSabKqyMU_00001.wav|images/V4sSabKqyMU_00001.jpg|But there's so much potential.
VAJS5J21Rd0_00001|wavs/VAJS5J21Rd0_00001.wav|images/VAJS5J21Rd0_00001.jpg|Are they attractive.
VIgzTLDyObo_00001|wavs/VIgzTLDyObo_00001.wav|images/VIgzTLDyObo_00001.jpg|So momentum is good.
VSLurJfOSiA_00001|wavs/VSLurJfOSiA_00001.wav|images/VSLurJfOSiA_00001.jpg|And to do so we've had to believe in impossible things.
VfAiNX7jn9A_00001|wavs/VfAiNX7jn9A_00001.wav|images/VfAiNX7jn9A_00001.jpg|Young people as well.
VsjTVGIw4z8_00003|wavs/VsjTVGIw4z8_00003.wav|images/VsjTVGIw4z8_00003.jpg|And we all know this.
VxESitIllxE_00001|wavs/VxESitIllxE_00001.wav|images/VxESitIllxE_00001.jpg|And then we were alarmed to discover something.
VzyjDRSAWzE_00001|wavs/VzyjDRSAWzE_00001.wav|images/VzyjDRSAWzE_00001.jpg|It's an unconscious process.
WFCvkkDSfIU_00002|wavs/WFCvkkDSfIU_00002.wav|images/WFCvkkDSfIU_00002.jpg|One way around this is to draw pictures.
WT7VMrxTPPA_00001|wavs/WT7VMrxTPPA_00001.wav|images/WT7VMrxTPPA_00001.jpg|There's no other way.
WTFi99e4RXU_00001|wavs/WTFi99e4RXU_00001.wav|images/WTFi99e4RXU_00001.jpg|Only we don't know that it's a homeless shelter.
XBJQENjZJaA_00001|wavs/XBJQENjZJaA_00001.wav|images/XBJQENjZJaA_00001.jpg|5 percent today.
XESFPEFpHt4_00001|wavs/XESFPEFpHt4_00001.wav|images/XESFPEFpHt4_00001.jpg|Where would it go.
XFnGhrCS3Gs_00001|wavs/XFnGhrCS3Gs_00001.wav|images/XFnGhrCS3Gs_00001.jpg|So i learned never to move.
XNbaR54Gpj4_00001|wavs/XNbaR54Gpj4_00001.wav|images/XNbaR54Gpj4_00001.jpg|Does any of this matter.
XYNUpQrZISc_00001|wavs/XYNUpQrZISc_00001.wav|images/XYNUpQrZISc_00001.jpg|Why is that hard.
YD5PFdghryc_00001|wavs/YD5PFdghryc_00001.wav|images/YD5PFdghryc_00001.jpg|And so many of my early memories involved intricate daydreams where i would walk across borders.
YyXRYgjQXX0_00001|wavs/YyXRYgjQXX0_00001.wav|images/YyXRYgjQXX0_00001.jpg|The answer to that question is a very definitive.
YzGjO5aHShQ_00002|wavs/YzGjO5aHShQ_00002.wav|images/YzGjO5aHShQ_00002.jpg|And that's really what i find so intriguing about the reactions that we've had to the.
ZJNESMhIxQ0_00001|wavs/ZJNESMhIxQ0_00001.wav|images/ZJNESMhIxQ0_00001.jpg|It turned out that we were doing a lot of low level drug cases on the streets just around the corner from our office in trenton.
Zd71719SG8Y_00001|wavs/Zd71719SG8Y_00001.wav|images/Zd71719SG8Y_00001.jpg|Thank you very much.
ZnCSUBmeRxw_00001|wavs/ZnCSUBmeRxw_00001.wav|images/ZnCSUBmeRxw_00001.jpg|But things have changed.
Zo62S0ulqhA_00001|wavs/Zo62S0ulqhA_00001.wav|images/Zo62S0ulqhA_00001.jpg|How do you change your behavior.
aSavBsX60Ss_00001|wavs/aSavBsX60Ss_00001.wav|images/aSavBsX60Ss_00001.jpg|And it doesn't.
akiQuyhXR8o_00001|wavs/akiQuyhXR8o_00001.wav|images/akiQuyhXR8o_00001.jpg|I don't look different.
aoGJP02CtPA_00002|wavs/aoGJP02CtPA_00002.wav|images/aoGJP02CtPA_00002.jpg|If any child is found violating these rules he is severely reprimanded.
aupPrDnhrKA_00001|wavs/aupPrDnhrKA_00001.wav|images/aupPrDnhrKA_00001.jpg|Thank you for your time.
b6YTQJVzwlI_00001|wavs/b6YTQJVzwlI_00001.wav|images/b6YTQJVzwlI_00001.jpg|So what happens next.
bArH8r8jJ4g_00001|wavs/bArH8r8jJ4g_00001.wav|images/bArH8r8jJ4g_00001.jpg|It turns out the evidence says otherwise.
bS6SiVz1R0o_00001|wavs/bS6SiVz1R0o_00001.wav|images/bS6SiVz1R0o_00001.jpg|It is the default option.
c0KYU2j0TM4_00001|wavs/c0KYU2j0TM4_00001.wav|images/c0KYU2j0TM4_00001.jpg|That is great.
c64M1tZyWPM_00001|wavs/c64M1tZyWPM_00001.wav|images/c64M1tZyWPM_00001.jpg|So why is it.
c9V6OKlY80k_00001|wavs/c9V6OKlY80k_00001.wav|images/c9V6OKlY80k_00001.jpg|But i love it for a totally different reason.
cHRZ6OrSvvI_00001|wavs/cHRZ6OrSvvI_00001.wav|images/cHRZ6OrSvvI_00001.jpg|Three billion people today with cell phones can't access the internet.
cmpu58yv8Sg_00001|wavs/cmpu58yv8Sg_00001.wav|images/cmpu58yv8Sg_00001.jpg|We harbor bias.
d3syTrElgcg_00001|wavs/d3syTrElgcg_00001.wav|images/d3syTrElgcg_00001.jpg|Look at the end to see the animal.
d6NKdnZvdoo_00002|wavs/d6NKdnZvdoo_00002.wav|images/d6NKdnZvdoo_00002.jpg|Just think about it.
dS8n24ZwZcQ_00001|wavs/dS8n24ZwZcQ_00001.wav|images/dS8n24ZwZcQ_00001.jpg|One billion people.
dYNc3P4jSt4_00001|wavs/dYNc3P4jSt4_00001.wav|images/dYNc3P4jSt4_00001.jpg|So it's really important that you know that right now we have over.
ddxHlkIuHqg_00001|wavs/ddxHlkIuHqg_00001.wav|images/ddxHlkIuHqg_00001.jpg|I'm a doctor.
eNAHVnkll5M_00001|wavs/eNAHVnkll5M_00001.wav|images/eNAHVnkll5M_00001.jpg|Who cleans up after us.
eVFYhbHpfqU_00001|wavs/eVFYhbHpfqU_00001.wav|images/eVFYhbHpfqU_00001.jpg|Please sign here right now.
eZj5n8ScTkI_00001|wavs/eZj5n8ScTkI_00001.wav|images/eZj5n8ScTkI_00001.jpg|I couldn't tear myself away from the coverage.
emW1TQ290ec_00001|wavs/emW1TQ290ec_00001.wav|images/emW1TQ290ec_00001.jpg|Can we really scale this up.
eqsXcSaefKI_00001|wavs/eqsXcSaefKI_00001.wav|images/eqsXcSaefKI_00001.jpg|Everything in the universe wears out.
esD6aaIjhek_00001|wavs/esD6aaIjhek_00001.wav|images/esD6aaIjhek_00001.jpg|They don't have meaning.
fC9da6eqaqg_00001|wavs/fC9da6eqaqg_00001.wav|images/fC9da6eqaqg_00001.jpg|You're doing incredibly important work.
fIICVeGW4RY_00001|wavs/fIICVeGW4RY_00001.wav|images/fIICVeGW4RY_00001.jpg|You are a healer in a stone age village.
fTSXvLzNd0o_00002|wavs/fTSXvLzNd0o_00002.wav|images/fTSXvLzNd0o_00002.jpg|There won't be a single moment in the schedule.
fZ8eyWBQmfU_00001|wavs/fZ8eyWBQmfU_00001.wav|images/fZ8eyWBQmfU_00001.jpg|Now my own speciality is combining digital technology and magic.
fscaRh2OtXk_00002|wavs/fscaRh2OtXk_00002.wav|images/fscaRh2OtXk_00002.jpg|I am sick to my stomach.
fxbCHn6gE3U_00001|wavs/fxbCHn6gE3U_00001.wav|images/fxbCHn6gE3U_00001.jpg|I'm the opposite.
gSycQufrgK4_00001|wavs/gSycQufrgK4_00001.wav|images/gSycQufrgK4_00001.jpg|That's next to impossible.
gVfgkFaswn4_00001|wavs/gVfgkFaswn4_00001.wav|images/gVfgkFaswn4_00001.jpg|This is a crisis that's getting worse day by day.
gtpTd3ywwiE_00001|wavs/gtpTd3ywwiE_00001.wav|images/gtpTd3ywwiE_00001.jpg|But that's kind of a big problem.
hQigUH0vZSE_00001|wavs/hQigUH0vZSE_00001.wav|images/hQigUH0vZSE_00001.jpg|And all of that sounds great until you figure out where it's really going.
hiIcwt88o94_00001|wavs/hiIcwt88o94_00001.wav|images/hiIcwt88o94_00001.jpg|I just disagree with this.
hxsnKwmW0dk_00002|wavs/hxsnKwmW0dk_00002.wav|images/hxsnKwmW0dk_00002.jpg|We are now very comfortable imagining unimaginable technological achievement.
iPE2SiCCo0w_00001|wavs/iPE2SiCCo0w_00001.wav|images/iPE2SiCCo0w_00001.jpg|Most of my friends were taking japanese.
iqEHuBST2qQ_00001|wavs/iqEHuBST2qQ_00001.wav|images/iqEHuBST2qQ_00001.jpg|And then i thought there's got to be a better way.
j7fRIGphgtk_00001|wavs/j7fRIGphgtk_00001.wav|images/j7fRIGphgtk_00001.jpg|Well i didn't have any idea.
jPf0LjZAS14_00001|wavs/jPf0LjZAS14_00001.wav|images/jPf0LjZAS14_00001.jpg|Is it about earning as much as you possibly can.
jbHpF7EySck_00001|wavs/jbHpF7EySck_00001.wav|images/jbHpF7EySck_00001.jpg|They want to be part of it.
jcSSY9rDN2g_00001|wavs/jcSSY9rDN2g_00001.wav|images/jcSSY9rDN2g_00001.jpg|There's a flip side as well.
jcp5vvxtEaU_00001|wavs/jcp5vvxtEaU_00001.wav|images/jcp5vvxtEaU_00001.jpg|How do you get informed.
jggHw5PdQV0_00001|wavs/jggHw5PdQV0_00001.wav|images/jggHw5PdQV0_00001.jpg|And my whole world did open up.
jiUKpX09zo4_00001|wavs/jiUKpX09zo4_00001.wav|images/jiUKpX09zo4_00001.jpg|It really is quite phenomenal.
jtVIDBs60S8_00001|wavs/jtVIDBs60S8_00001.wav|images/jtVIDBs60S8_00001.jpg|That was powerful.
k2hQL9Zrokk_00001|wavs/k2hQL9Zrokk_00001.wav|images/k2hQL9Zrokk_00001.jpg|Take my child.
kEKzl6fub2w_00001|wavs/kEKzl6fub2w_00001.wav|images/kEKzl6fub2w_00001.jpg|Which incidentally is only a third correct.
ka8L1YMR88U_00001|wavs/ka8L1YMR88U_00001.wav|images/ka8L1YMR88U_00001.jpg|That didn't happen to me.
kcEIsbO0ivA_00001|wavs/kcEIsbO0ivA_00001.wav|images/kcEIsbO0ivA_00001.jpg|You might get impeached for that.
kwYxHPXIaao_00001|wavs/kwYxHPXIaao_00001.wav|images/kwYxHPXIaao_00001.jpg|Well not yet.
l5vZHuAtDZA_00001|wavs/l5vZHuAtDZA_00001.wav|images/l5vZHuAtDZA_00001.jpg|Well that's going to be a breeding ground for compassion.
lmyZMtPVodo_00001|wavs/lmyZMtPVodo_00001.wav|images/lmyZMtPVodo_00001.jpg|That is some deep deep emotion when you would want to do that.
lrSmXnUoUXM_00002|wavs/lrSmXnUoUXM_00002.wav|images/lrSmXnUoUXM_00002.jpg|Well guess what.
m6X1i8khmt8_00001|wavs/m6X1i8khmt8_00001.wav|images/m6X1i8khmt8_00001.jpg|And i was really scared.
mSHBma0Ithk_00001|wavs/mSHBma0Ithk_00001.wav|images/mSHBma0Ithk_00001.jpg|They want to get out.
mc0vhSseGk4_00001|wavs/mc0vhSseGk4_00001.wav|images/mc0vhSseGk4_00001.jpg|So it's more about capturing an idea than about capturing a moment really.
mgcjr1yz7ow_00002|wavs/mgcjr1yz7ow_00002.wav|images/mgcjr1yz7ow_00002.jpg|Is it about systems.
mjDjbJJlqZ0_00001|wavs/mjDjbJJlqZ0_00001.wav|images/mjDjbJJlqZ0_00001.jpg|We go out there and we hop in our cars and we drive from place to place.
mxNpNuogqsY_00003|wavs/mxNpNuogqsY_00003.wav|images/mxNpNuogqsY_00003.jpg|What are the researchers learning.
n3kNlFMXslo_00002|wavs/n3kNlFMXslo_00002.wav|images/n3kNlFMXslo_00002.jpg|That's like finding an extra hour in the day.
nASJ0510Pxs_00002|wavs/nASJ0510Pxs_00002.wav|images/nASJ0510Pxs_00002.jpg|So they don't have to rely on people that are getting scarcer to help them.
nCg2NcGYu34_00001|wavs/nCg2NcGYu34_00001.wav|images/nCg2NcGYu34_00001.jpg|Why are we supposed to have a connection with every single painting.
nG3vB2CuSjM_00001|wavs/nG3vB2CuSjM_00001.wav|images/nG3vB2CuSjM_00001.jpg|Not right now.
ni4FV5zL6lM_00001|wavs/ni4FV5zL6lM_00001.wav|images/ni4FV5zL6lM_00001.jpg|Government officials are extremely mad.
npNYP2vzaPo_00001|wavs/npNYP2vzaPo_00001.wav|images/npNYP2vzaPo_00001.jpg|How can we get so much information out of so little motion.
o1Z4F4e2Bw4_00001|wavs/o1Z4F4e2Bw4_00001.wav|images/o1Z4F4e2Bw4_00001.jpg|How do you find a dinosaur.
oDNgnrtSD8w_00001|wavs/oDNgnrtSD8w_00001.wav|images/oDNgnrtSD8w_00001.jpg|Come on man.
oYp5XuGYqqY_00002|wavs/oYp5XuGYqqY_00002.wav|images/oYp5XuGYqqY_00002.jpg|We were wrong.
ooAIIeo4AJQ_00001|wavs/ooAIIeo4AJQ_00001.wav|images/ooAIIeo4AJQ_00001.jpg|You smell money.
os69gEFXUW4_00001|wavs/os69gEFXUW4_00001.wav|images/os69gEFXUW4_00001.jpg|What can i learn with you.
pFDoCLf96Kg_00001|wavs/pFDoCLf96Kg_00001.wav|images/pFDoCLf96Kg_00001.jpg|And one activist actually found a contract from a western company for the sale of surveillance.
pnv5iKB2hl4_00001|wavs/pnv5iKB2hl4_00001.wav|images/pnv5iKB2hl4_00001.jpg|I don't care.
psN1DORYYV0_00002|wavs/psN1DORYYV0_00002.wav|images/psN1DORYYV0_00002.jpg|At what point did i think that was a good idea.
q2gO4DKVpa8_00001|wavs/q2gO4DKVpa8_00001.wav|images/q2gO4DKVpa8_00001.jpg|I am certainly not the hardest working.
qWNae7vYK6s_00001|wavs/qWNae7vYK6s_00001.wav|images/qWNae7vYK6s_00001.jpg|Thousands of women started reaching out to me to share their own stories of pain and agony and shame.
qYUmI5kGsYk_00001|wavs/qYUmI5kGsYk_00001.wav|images/qYUmI5kGsYk_00001.jpg|So we need the solutions and these people playing the game they are trying out.
qafSjNLjedo_00001|wavs/qafSjNLjedo_00001.wav|images/qafSjNLjedo_00001.jpg|And we've all heard that kind of story before right.
qlty0OPcU6k_00001|wavs/qlty0OPcU6k_00001.wav|images/qlty0OPcU6k_00001.jpg|Now do something different.
qsJYrwzfd6w_00004|wavs/qsJYrwzfd6w_00004.wav|images/qsJYrwzfd6w_00004.jpg|And after that initial prototype we set out to make free and open source software so that others do not have.
rBKV4rOgSJU_00008|wavs/rBKV4rOgSJU_00008.wav|images/rBKV4rOgSJU_00008.jpg|And i didn't expect that because i expected one of these.
rFpDK2KhAgw_00001|wavs/rFpDK2KhAgw_00001.wav|images/rFpDK2KhAgw_00001.jpg|They have social meaning.
rGfhahVBIQw_00001|wavs/rGfhahVBIQw_00001.wav|images/rGfhahVBIQw_00001.jpg|And this leads to oddities.
rP7nmdDA1Fg_00001|wavs/rP7nmdDA1Fg_00001.wav|images/rP7nmdDA1Fg_00001.jpg|Well why is that.
rSSanSYZDT4_00001|wavs/rSSanSYZDT4_00001.wav|images/rSSanSYZDT4_00001.jpg|And so we need to do better at copying their natural environment to get them to thrive.
rZCxdbqMc2Q_00001|wavs/rZCxdbqMc2Q_00001.wav|images/rZCxdbqMc2Q_00001.jpg|I will be back.
rftagV38YKY_00001|wavs/rftagV38YKY_00001.wav|images/rftagV38YKY_00001.jpg|I didn't know where i was.
s0YjL9rZyR0_00003|wavs/s0YjL9rZyR0_00003.wav|images/s0YjL9rZyR0_00003.jpg|This is not a put down of anyone.
s4smjT1qwZU_00002|wavs/s4smjT1qwZU_00002.wav|images/s4smjT1qwZU_00002.jpg|There's no structure.
sVtIuDKFO1c_00001|wavs/sVtIuDKFO1c_00001.wav|images/sVtIuDKFO1c_00001.jpg|Getting a college education is a 20 year investment.
shG0ezBeeJc_00001|wavs/shG0ezBeeJc_00001.wav|images/shG0ezBeeJc_00001.jpg|How could i let them down.
stngBN4hp14_00001|wavs/stngBN4hp14_00001.wav|images/stngBN4hp14_00001.jpg|About a year after 9 11 researchers examined a group of women who were pregnant when they were exposed to the world.
sxnlvwprfSc_00001|wavs/sxnlvwprfSc_00001.wav|images/sxnlvwprfSc_00001.jpg|I teach at stanford.
t2gbcVaZ448_00002|wavs/t2gbcVaZ448_00002.wav|images/t2gbcVaZ448_00002.jpg|After all i was a bit unconventional.
t7Xr3AsBEK4_00001|wavs/t7Xr3AsBEK4_00001.wav|images/t7Xr3AsBEK4_00001.jpg|So you want to go to that board meeting but you only want to pay attention to the bits that interest.
ta2Wvy9FSgA_00001|wavs/ta2Wvy9FSgA_00001.wav|images/ta2Wvy9FSgA_00001.jpg|That's pretty cool.
tbSWdVA4Sbo_00001|wavs/tbSWdVA4Sbo_00001.wav|images/tbSWdVA4Sbo_00001.jpg|We might say then well let's not worry about this.
tgSCwQwYNjc_00001|wavs/tgSCwQwYNjc_00001.wav|images/tgSCwQwYNjc_00001.jpg|Women's day was coming up.
tiSiSM3pk5M_00002|wavs/tiSiSM3pk5M_00002.wav|images/tiSiSM3pk5M_00002.jpg|Well let's hold on to that thought for just a minute.
tzJYY2p0QIc_00001|wavs/tzJYY2p0QIc_00001.wav|images/tzJYY2p0QIc_00001.jpg|Growing up i was always intrigued by how people change.
u4L130DkdOw_00001|wavs/u4L130DkdOw_00001.wav|images/u4L130DkdOw_00001.jpg|And how is that possible.
uJr4wGcLNsA_00001|wavs/uJr4wGcLNsA_00001.wav|images/uJr4wGcLNsA_00001.jpg|She never wanted to tell me.
uL5XUwfkxZw_00002|wavs/uL5XUwfkxZw_00002.wav|images/uL5XUwfkxZw_00002.jpg|And work like a dog.
uqS6T6TAu74_00001|wavs/uqS6T6TAu74_00001.wav|images/uqS6T6TAu74_00001.jpg|I became a psychology researcher and i've devoted my work to understanding the human capacity to care for others.
uzKBGtf0i0M_00002|wavs/uzKBGtf0i0M_00002.wav|images/uzKBGtf0i0M_00002.jpg|And it is important.
vGX3FASrQq4_00001|wavs/vGX3FASrQq4_00001.wav|images/vGX3FASrQq4_00001.jpg|Thank you very much.
vXPJVwwEmiM_00001|wavs/vXPJVwwEmiM_00001.wav|images/vXPJVwwEmiM_00001.jpg|He's at a technology conference in florida.
vhVWzkbAW4I_00002|wavs/vhVWzkbAW4I_00002.wav|images/vhVWzkbAW4I_00002.jpg|It showed no blockages.
w1R4F9sSoow_00001|wavs/w1R4F9sSoow_00001.wav|images/w1R4F9sSoow_00001.jpg|We had drawn a blank and it wasn't just iraq and afghanistan.
wG4RnDNWtJo_00001|wavs/wG4RnDNWtJo_00001.wav|images/wG4RnDNWtJo_00001.jpg|That was a huge problem at the haiti earthquake.
wGMLhaa98GI_00001|wavs/wGMLhaa98GI_00001.wav|images/wGMLhaa98GI_00001.jpg|I can hardly wait.
wKlMcLTqRLs_00001|wavs/wKlMcLTqRLs_00001.wav|images/wKlMcLTqRLs_00001.jpg|Why did my child develop autism.
wlR1ojoiue0_00001|wavs/wlR1ojoiue0_00001.wav|images/wlR1ojoiue0_00001.jpg|They were wonderful people.
wmMrZyVANUo_00001|wavs/wmMrZyVANUo_00001.wav|images/wmMrZyVANUo_00001.jpg|And in many cases we don't.
wzkFoetpSSM_00002|wavs/wzkFoetpSSM_00002.wav|images/wzkFoetpSSM_00002.jpg|I feel that god knows me.
x4m6j7rSyzY_00001|wavs/x4m6j7rSyzY_00001.wav|images/x4m6j7rSyzY_00001.jpg|I know it works.
x95nwilkaio_00001|wavs/x95nwilkaio_00001.wav|images/x95nwilkaio_00001.jpg|But i grew up in canada far from my arab roots.
xFSCX9mAHPo_00001|wavs/xFSCX9mAHPo_00001.wav|images/xFSCX9mAHPo_00001.jpg|We're not playing with each other.
xTkKSJSqUSI_00004|wavs/xTkKSJSqUSI_00004.wav|images/xTkKSJSqUSI_00004.jpg|All of you are members of tribes.
xkFTZcUPjBg_00001|wavs/xkFTZcUPjBg_00001.wav|images/xkFTZcUPjBg_00001.jpg|I was going through a hard time as well.
xlUPlxSpDRo_00001|wavs/xlUPlxSpDRo_00001.wav|images/xlUPlxSpDRo_00001.jpg|You don't have to bring any quarters because the washer and dryer are free.
xukDIWFMU9Y_00002|wavs/xukDIWFMU9Y_00002.wav|images/xukDIWFMU9Y_00002.jpg|Look at this pretty structure.
y1KIVZw7Jxk_00003|wavs/y1KIVZw7Jxk_00003.wav|images/y1KIVZw7Jxk_00003.jpg|That's not an improbable sample.
y6MC4iXhT6I_00001|wavs/y6MC4iXhT6I_00001.wav|images/y6MC4iXhT6I_00001.jpg|We're looking for something more.
yMWlkJAqKYU_00001|wavs/yMWlkJAqKYU_00001.wav|images/yMWlkJAqKYU_00001.jpg|How is that possible.
yNhu0MGS2MA_00001|wavs/yNhu0MGS2MA_00001.wav|images/yNhu0MGS2MA_00001.jpg|Why not just let businesses compete.
yeVz0rtXCmw_00001|wavs/yeVz0rtXCmw_00001.wav|images/yeVz0rtXCmw_00001.jpg|I started to walk in the community and it didn't take a rocket scientist to realize that they weren't.
zL2FOrx41N0_00001|wavs/zL2FOrx41N0_00001.wav|images/zL2FOrx41N0_00001.jpg|How does it happen.
zMGE3mbS9NY_00001|wavs/zMGE3mbS9NY_00001.wav|images/zMGE3mbS9NY_00001.jpg|At the same time.
zuYzOn0U2PY_00001|wavs/zuYzOn0U2PY_00001.wav|images/zuYzOn0U2PY_00001.jpg|It's a fucking orgy.
0Fi83BHQsMA_00004|wavs/0Fi83BHQsMA_00004.wav|images/0Fi83BHQsMA_00004.jpg|At some point i'm going to get out.
0VJqrlH9cdI_00002|wavs/0VJqrlH9cdI_00002.wav|images/0VJqrlH9cdI_00002.jpg|He was smiling and we said go.
0ZfSOArXbGQ_00002|wavs/0ZfSOArXbGQ_00002.wav|images/0ZfSOArXbGQ_00002.jpg|We were so excited.
0gks6ceq4eQ_00005|wavs/0gks6ceq4eQ_00005.wav|images/0gks6ceq4eQ_00005.jpg|Predictions are the basis of every experience that you have.
18uDutylDa4_00002|wavs/18uDutylDa4_00002.wav|images/18uDutylDa4_00002.jpg|So i'm not saying that staying in the workforce is the right thing for everyone.
1L6lSFiV4xo_00003|wavs/1L6lSFiV4xo_00003.wav|images/1L6lSFiV4xo_00003.jpg|I do like magic.
1PNX6MSdVsk_00005|wavs/1PNX6MSdVsk_00005.wav|images/1PNX6MSdVsk_00005.jpg|More trust is not an intelligent aim in this life.
1US4jjWtua8_00002|wavs/1US4jjWtua8_00002.wav|images/1US4jjWtua8_00002.jpg|They're not being shipped up here.
1bnzVjOJ6NM_00004|wavs/1bnzVjOJ6NM_00004.wav|images/1bnzVjOJ6NM_00004.jpg|She had to impersonate a man.
27lMmdmySb8_00002|wavs/27lMmdmySb8_00002.wav|images/27lMmdmySb8_00002.jpg|And they wanted to look at the microbes after the transplants.
2SlBiFZ85d0_00003|wavs/2SlBiFZ85d0_00003.wav|images/2SlBiFZ85d0_00003.jpg|We're not just part of the same species.
2UStOghblfE_00002|wavs/2UStOghblfE_00002.wav|images/2UStOghblfE_00002.jpg|I mean how do they form.
3OgsRa7VDtI_00003|wavs/3OgsRa7VDtI_00003.wav|images/3OgsRa7VDtI_00003.jpg|That's the status quo today.
3r1IPsldbBg_00003|wavs/3r1IPsldbBg_00003.wav|images/3r1IPsldbBg_00003.jpg|We shouldn't be nationalistic.
3uSQlcGCHUU_00006|wavs/3uSQlcGCHUU_00006.wav|images/3uSQlcGCHUU_00006.jpg|But that system has tons of problems.
48xS00Iy0ac_00003|wavs/48xS00Iy0ac_00003.wav|images/48xS00Iy0ac_00003.jpg|Their faces broadcast their experience.
4AYE3w5TWHs_00005|wavs/4AYE3w5TWHs_00005.wav|images/4AYE3w5TWHs_00005.jpg|So just like with a bike we don't talk about it.
4Q2aznfmcYU_00002|wavs/4Q2aznfmcYU_00002.wav|images/4Q2aznfmcYU_00002.jpg|Of course they would.
4n8qT0vQbWk_00003|wavs/4n8qT0vQbWk_00003.wav|images/4n8qT0vQbWk_00003.jpg|We have to decide what it means.
5P04stEjJ9E_00004|wavs/5P04stEjJ9E_00004.wav|images/5P04stEjJ9E_00004.jpg|They signed up because they wanted some form of revenge.
5Yj3nGv0kn8_00002|wavs/5Yj3nGv0kn8_00002.wav|images/5Yj3nGv0kn8_00002.jpg|So let's watch what happens.
5b5BDoddOLA_00002|wavs/5b5BDoddOLA_00002.wav|images/5b5BDoddOLA_00002.jpg|We weren't considered the real thing.
66koScWSHBU_00003|wavs/66koScWSHBU_00003.wav|images/66koScWSHBU_00003.jpg|They won the game.
6Waurx8eS1o_00003|wavs/6Waurx8eS1o_00003.wav|images/6Waurx8eS1o_00003.jpg|He made me feel smart.
6wNif5SlN08_00005|wavs/6wNif5SlN08_00005.wav|images/6wNif5SlN08_00005.jpg|I didn't want to.
7OMLSs8t1ng_00002|wavs/7OMLSs8t1ng_00002.wav|images/7OMLSs8t1ng_00002.jpg|Doesn't happen very much.
7ZymFMmpOa0_00005|wavs/7ZymFMmpOa0_00005.wav|images/7ZymFMmpOa0_00005.jpg|We used to have a manufacturing economy which was about building goods and products and now we have a service.
7gkdzkVbuVA_00003|wavs/7gkdzkVbuVA_00003.wav|images/7gkdzkVbuVA_00003.jpg|How sad are you right now.
7hQ0rgVfsP8_00002|wavs/7hQ0rgVfsP8_00002.wav|images/7hQ0rgVfsP8_00002.jpg|I did not know this.
7kkRkhAXZGg_00004|wavs/7kkRkhAXZGg_00004.wav|images/7kkRkhAXZGg_00004.jpg|Storytelling is so important.
7qT3RpaBlJo_00002|wavs/7qT3RpaBlJo_00002.wav|images/7qT3RpaBlJo_00002.jpg|One you need to know where you are and exactly what time it is.
81Ub0SMxZQo_00002|wavs/81Ub0SMxZQo_00002.wav|images/81Ub0SMxZQo_00002.jpg|How would i know what i was doing differently.
87AEeLpodnE_00002|wavs/87AEeLpodnE_00002.wav|images/87AEeLpodnE_00002.jpg|Something was wrong.
8GQZuzIdeQQ_00004|wavs/8GQZuzIdeQQ_00004.wav|images/8GQZuzIdeQQ_00004.jpg|Here's where i stand.
8VwTZFYSfvw_00002|wavs/8VwTZFYSfvw_00002.wav|images/8VwTZFYSfvw_00002.jpg|It was the coldest i've ever been.
8iSpNVj5KMw_00002|wavs/8iSpNVj5KMw_00002.wav|images/8iSpNVj5KMw_00002.jpg|I forgive you and i do not hate you.
8nt3edWLgIg_00003|wavs/8nt3edWLgIg_00003.wav|images/8nt3edWLgIg_00003.jpg|We just need to keep going.
8vNIrPeRGlM_00003|wavs/8vNIrPeRGlM_00003.wav|images/8vNIrPeRGlM_00003.jpg|So they won't go for a walk they won't hang out with their friends they won't eat.
95ovIJ3dsNk_00003|wavs/95ovIJ3dsNk_00003.wav|images/95ovIJ3dsNk_00003.jpg|For depression it was four and a half times.
9JKy6ZfmBn0_00002|wavs/9JKy6ZfmBn0_00002.wav|images/9JKy6ZfmBn0_00002.jpg|One of them got caught up in the water.
9RMx31GnNXY_00002|wavs/9RMx31GnNXY_00002.wav|images/9RMx31GnNXY_00002.jpg|I was able to do more things.
9YekkGz1E2k_00002|wavs/9YekkGz1E2k_00002.wav|images/9YekkGz1E2k_00002.jpg|This fishing village was famous for sculpture.
9kBKQS7J7xI_00002|wavs/9kBKQS7J7xI_00002.wav|images/9kBKQS7J7xI_00002.jpg|This is going to become really freaking obvious.
9uOMectkCCs_00002|wavs/9uOMectkCCs_00002.wav|images/9uOMectkCCs_00002.jpg|And then something falls off the wall.
AO4In7d6XSc_00002|wavs/AO4In7d6XSc_00002.wav|images/AO4In7d6XSc_00002.jpg|So that's mobile manipulation.
AsSd2nmoKNA_00002|wavs/AsSd2nmoKNA_00002.wav|images/AsSd2nmoKNA_00002.jpg|And i said to myself i wanna get me one of them.
BHY0FxzoKZE_00003|wavs/BHY0FxzoKZE_00003.wav|images/BHY0FxzoKZE_00003.jpg|Maybe i did an experiment on myself without even knowing it.
BImnT7lcLDE_00002|wavs/BImnT7lcLDE_00002.wav|images/BImnT7lcLDE_00002.jpg|And boy they were like what.
Bo8YN3oB0Cw_00003|wavs/Bo8YN3oB0Cw_00003.wav|images/Bo8YN3oB0Cw_00003.jpg|Why is it not working.
Bs86giWcjLA_00002|wavs/Bs86giWcjLA_00002.wav|images/Bs86giWcjLA_00002.jpg|They were right.
BzeTjn0R2VY_00003|wavs/BzeTjn0R2VY_00003.wav|images/BzeTjn0R2VY_00003.jpg|Again it will not happen overnight.
CgNx9Bgac1I_00003|wavs/CgNx9Bgac1I_00003.wav|images/CgNx9Bgac1I_00003.jpg|But i'm not happy.
ClfBxWPkBKU_00003|wavs/ClfBxWPkBKU_00003.wav|images/ClfBxWPkBKU_00003.jpg|And remember we had experience with this.
DDaldVHUedI_00003|wavs/DDaldVHUedI_00003.wav|images/DDaldVHUedI_00003.jpg|Things were going well.
DOgsYATbVSs_00003|wavs/DOgsYATbVSs_00003.wav|images/DOgsYATbVSs_00003.jpg|It's not like teaching them how to ride a bike.
DjeIpjhAqsM_00003|wavs/DjeIpjhAqsM_00003.wav|images/DjeIpjhAqsM_00003.jpg|We have to turn that around.
E0oPnS7rUwE_00002|wavs/E0oPnS7rUwE_00002.wav|images/E0oPnS7rUwE_00002.jpg|But it's not enough.
E22icGCvGXk_00004|wavs/E22icGCvGXk_00004.wav|images/E22icGCvGXk_00004.jpg|I got about 3000 emails.
EV3OmxrowWE_00003|wavs/EV3OmxrowWE_00003.wav|images/EV3OmxrowWE_00003.jpg|And when we're unprepared we overreact.
F3OhcpKSUBc_00004|wavs/F3OhcpKSUBc_00004.wav|images/F3OhcpKSUBc_00004.jpg|He saw it written down somewhere.
F5h6ynoq8uM_00002|wavs/F5h6ynoq8uM_00002.wav|images/F5h6ynoq8uM_00002.jpg|Let me illustrate this.
FD6CqD1kV8s_00003|wavs/FD6CqD1kV8s_00003.wav|images/FD6CqD1kV8s_00003.jpg|There were others like myself who were full time.
FFG2rilqT2g_00004|wavs/FFG2rilqT2g_00004.wav|images/FFG2rilqT2g_00004.jpg|The gas that they used at first in many cases was oxygen.
FKxaL8Iau8Q_00002|wavs/FKxaL8Iau8Q_00002.wav|images/FKxaL8Iau8Q_00002.jpg|Here i'm one person talking to you.
FcmSmAwPkxg_00005|wavs/FcmSmAwPkxg_00005.wav|images/FcmSmAwPkxg_00005.jpg|When it's 10 degrees below zero.
FmpIMt95ndU_00004|wavs/FmpIMt95ndU_00004.wav|images/FmpIMt95ndU_00004.jpg|Thanks for asking.
FqrLUtIFVjs_00002|wavs/FqrLUtIFVjs_00002.wav|images/FqrLUtIFVjs_00002.jpg|We change the economics for the bad guys.
FxtSMZKMdes_00004|wavs/FxtSMZKMdes_00004.wav|images/FxtSMZKMdes_00004.jpg|I'm a feminist but i'm a rather bad one.
GAMR5RDSLJo_00006|wavs/GAMR5RDSLJo_00006.wav|images/GAMR5RDSLJo_00006.jpg|Supporting local economies.
GGScU5ESei4_00004|wavs/GGScU5ESei4_00004.wav|images/GGScU5ESei4_00004.jpg|What's different is how the molecules are put together.
GIbz9ms9Z9k_00003|wavs/GIbz9ms9Z9k_00003.wav|images/GIbz9ms9Z9k_00003.jpg|They want a treatment.
GMynksvCcUI_00002|wavs/GMynksvCcUI_00002.wav|images/GMynksvCcUI_00002.jpg|My grandfather worked at this factory.
GSf6nijSSdA_00003|wavs/GSf6nijSSdA_00003.wav|images/GSf6nijSSdA_00003.jpg|And he surprised me by saying you know what.
Gmai4zkKNcM_00002|wavs/Gmai4zkKNcM_00002.wav|images/Gmai4zkKNcM_00002.jpg|That's really important.
GvGAIGbnX7E_00004|wavs/GvGAIGbnX7E_00004.wav|images/GvGAIGbnX7E_00004.jpg|And in that i need a surgery lexicon.
H14bBuluwB8_00002|wavs/H14bBuluwB8_00002.wav|images/H14bBuluwB8_00002.jpg|That's the work that stands before us.
HSercnrqeN4_00002|wavs/HSercnrqeN4_00002.wav|images/HSercnrqeN4_00002.jpg|I don't know about you.
HUM2rCIUdeI_00003|wavs/HUM2rCIUdeI_00003.wav|images/HUM2rCIUdeI_00003.jpg|There's no need to play the market.
HdwOlk6HIVc_00002|wavs/HdwOlk6HIVc_00002.wav|images/HdwOlk6HIVc_00002.jpg|4 times the mass of the sun.
HiwJ0hNl1Fw_00003|wavs/HiwJ0hNl1Fw_00003.wav|images/HiwJ0hNl1Fw_00003.jpg|I was terrified.
Hj9oB4zpHww_00003|wavs/Hj9oB4zpHww_00003.wav|images/Hj9oB4zpHww_00003.jpg|That is what it is to have a domain of expertise.
Ht2fzax9wV0_00002|wavs/Ht2fzax9wV0_00002.wav|images/Ht2fzax9wV0_00002.jpg|We're always trying to make it faster.
IS4IK8CiLg8_00002|wavs/IS4IK8CiLg8_00002.wav|images/IS4IK8CiLg8_00002.jpg|She contacted anyone and everyone who was willing to buy my work.
IWdzrZdRa38_00004|wavs/IWdzrZdRa38_00004.wav|images/IWdzrZdRa38_00004.jpg|The board of ed.
IjbTiRbeNpM_00002|wavs/IjbTiRbeNpM_00002.wav|images/IjbTiRbeNpM_00002.jpg|That's available right now.
Ip2SQa50uBI_00003|wavs/Ip2SQa50uBI_00003.wav|images/Ip2SQa50uBI_00003.jpg|How else can we create new ideas.
J8FyHI00ELY_00002|wavs/J8FyHI00ELY_00002.wav|images/J8FyHI00ELY_00002.jpg|My dad has alzheimer's disease.
JFQLvbVJVMg_00003|wavs/JFQLvbVJVMg_00003.wav|images/JFQLvbVJVMg_00003.jpg|So what's women's experience as it relates to mentoring.
JSSc7hYKstI_00006|wavs/JSSc7hYKstI_00006.wav|images/JSSc7hYKstI_00006.jpg|So i want to talk to you today about what i think is a much more complete recipe for deep.
Jm2dWbNsnZI_00002|wavs/Jm2dWbNsnZI_00002.wav|images/Jm2dWbNsnZI_00002.jpg|But quite frankly on this issue there is no other road.
KPNn880KWfU_00005|wavs/KPNn880KWfU_00005.wav|images/KPNn880KWfU_00005.jpg|I'd like to make the suggestion that we don't need to aim for that to make substantial progress.
KuWXfjyGhk0_00004|wavs/KuWXfjyGhk0_00004.wav|images/KuWXfjyGhk0_00004.jpg|There will be invisible capacity.
KvvjDOtS2sw_00006|wavs/KvvjDOtS2sw_00006.wav|images/KvvjDOtS2sw_00006.jpg|I hadn't bathed in three days.
KxLMjn4WPBY_00002|wavs/KxLMjn4WPBY_00002.wav|images/KxLMjn4WPBY_00002.jpg|I'm also on this mission because the way doctors practice medicine continues to.
LEx6K4P4GJc_00003|wavs/LEx6K4P4GJc_00003.wav|images/LEx6K4P4GJc_00003.jpg|What would that change about how we live.
LIckScLypGA_00002|wavs/LIckScLypGA_00002.wav|images/LIckScLypGA_00002.jpg|And this is happening every day.
LIy2oVJtJsA_00003|wavs/LIy2oVJtJsA_00003.wav|images/LIy2oVJtJsA_00003.jpg|They're not heavily subsidized.
LYCKzpXEW6E_00002|wavs/LYCKzpXEW6E_00002.wav|images/LYCKzpXEW6E_00002.jpg|What kind of rituals are these.
Li4S1yyrsTI_00003|wavs/Li4S1yyrsTI_00003.wav|images/Li4S1yyrsTI_00003.jpg|And you know what else we did.
LiUClSItcy0_00004|wavs/LiUClSItcy0_00004.wav|images/LiUClSItcy0_00004.jpg|I think it might be a lifeline.
MNuOmTQdFjA_00002|wavs/MNuOmTQdFjA_00002.wav|images/MNuOmTQdFjA_00002.jpg|So i looked for furniture.
MsLuQM5V3FA_00002|wavs/MsLuQM5V3FA_00002.wav|images/MsLuQM5V3FA_00002.jpg|I was considered a radical.
Mt0PiXLvYlU_00006|wavs/Mt0PiXLvYlU_00006.wav|images/Mt0PiXLvYlU_00006.jpg|I had no idea what i was going to do if it didn't work.
NA7krbsdXFA_00003|wavs/NA7krbsdXFA_00003.wav|images/NA7krbsdXFA_00003.jpg|And what was the result of that.
NCJTV5KaJJc_00002|wavs/NCJTV5KaJJc_00002.wav|images/NCJTV5KaJJc_00002.jpg|But i'm a big fan of you as a person.
NL0uxDscjdo_00004|wavs/NL0uxDscjdo_00004.wav|images/NL0uxDscjdo_00004.jpg|And in fact what did happen to my brain.
NYKcOFQCeno_00003|wavs/NYKcOFQCeno_00003.wav|images/NYKcOFQCeno_00003.jpg|And that leads to a very powerful tool.
NoCOagL69Ss_00002|wavs/NoCOagL69Ss_00002.wav|images/NoCOagL69Ss_00002.jpg|That may not always be the case.
NqOjj1FCcVY_00003|wavs/NqOjj1FCcVY_00003.wav|images/NqOjj1FCcVY_00003.jpg|Let me tell you about a couple of them.
O0JDDyqtSVY_00002|wavs/O0JDDyqtSVY_00002.wav|images/O0JDDyqtSVY_00002.jpg|But you know what.
O6Vayv9FCLM_00002|wavs/O6Vayv9FCLM_00002.wav|images/O6Vayv9FCLM_00002.jpg|So it's up to us.
OIlSXRCSBSI_00002|wavs/OIlSXRCSBSI_00002.wav|images/OIlSXRCSBSI_00002.jpg|The first lesson is about humility.
OM6XIICmSqo_00002|wavs/OM6XIICmSqo_00002.wav|images/OM6XIICmSqo_00002.jpg|Whatever it is about that person where they were born things like that.
ONM4JupBzSE_00003|wavs/ONM4JupBzSE_00003.wav|images/ONM4JupBzSE_00003.jpg|There's nothing underground about it.
OYfoGTIG7pY_00002|wavs/OYfoGTIG7pY_00002.wav|images/OYfoGTIG7pY_00002.jpg|I remember what you said to me.
Ok6LbV6bqaE_00003|wavs/Ok6LbV6bqaE_00003.wav|images/Ok6LbV6bqaE_00003.jpg|You learn more about how computers work.
OwgWkUIm9Gc_00004|wavs/OwgWkUIm9Gc_00004.wav|images/OwgWkUIm9Gc_00004.jpg|The plane takes off.
OzA6jRYjVQs_00003|wavs/OzA6jRYjVQs_00003.wav|images/OzA6jRYjVQs_00003.jpg|This is not a statement on malnutrition or anything else.
PSlBlZ3hqKc_00004|wavs/PSlBlZ3hqKc_00004.wav|images/PSlBlZ3hqKc_00004.jpg|He wouldn't like the answer.
PYHd7rpOTe8_00002|wavs/PYHd7rpOTe8_00002.wav|images/PYHd7rpOTe8_00002.jpg|But now it's turned around.
PbgB2TaYhio_00003|wavs/PbgB2TaYhio_00003.wav|images/PbgB2TaYhio_00003.jpg|They all look the same under a microscope i mean to a first approximation.
PrK0CifulU0_00004|wavs/PrK0CifulU0_00004.wav|images/PrK0CifulU0_00004.jpg|And they did it in the good old fashioned way.
QKHkSUiQboA_00004|wavs/QKHkSUiQboA_00004.wav|images/QKHkSUiQboA_00004.jpg|Nobody comes to get famous.
QeIrdqU0o9s_00004|wavs/QeIrdqU0o9s_00004.wav|images/QeIrdqU0o9s_00004.jpg|How far away was the finish line.
QleRgTBMX88_00002|wavs/QleRgTBMX88_00002.wav|images/QleRgTBMX88_00002.jpg|Beth israel's in boston.
QoT0S2vu9m4_00002|wavs/QoT0S2vu9m4_00002.wav|images/QoT0S2vu9m4_00002.jpg|Do that only if you're paid by the hour.
RAR4cz9wkUk_00002|wavs/RAR4cz9wkUk_00002.wav|images/RAR4cz9wkUk_00002.jpg|I would just give the inspiration and that's my job.
RD07GkmM2fc_00004|wavs/RD07GkmM2fc_00004.wav|images/RD07GkmM2fc_00004.jpg|And we finally figured out how to do it.
RE4ce4mexrU_00004|wavs/RE4ce4mexrU_00004.wav|images/RE4ce4mexrU_00004.jpg|And i thought what am i thinking.
ROgFmb3oTLo_00002|wavs/ROgFmb3oTLo_00002.wav|images/ROgFmb3oTLo_00002.jpg|They have divergent values.
RaSlxoAUP5c_00003|wavs/RaSlxoAUP5c_00003.wav|images/RaSlxoAUP5c_00003.jpg|Which means take my camera.
RiM5aSvaNkg_00002|wavs/RiM5aSvaNkg_00002.wav|images/RiM5aSvaNkg_00002.jpg|And the soldier on the front tank said we have unconditional orders to destroy this.
RplnSVTzvnU_00002|wavs/RplnSVTzvnU_00002.wav|images/RplnSVTzvnU_00002.jpg|It's a composite view that's constantly changing and being updated.
S2Dj9M71JAc_00006|wavs/S2Dj9M71JAc_00006.wav|images/S2Dj9M71JAc_00006.jpg|Not a single one.
S6ufvYWTqQ0_00005|wavs/S6ufvYWTqQ0_00005.wav|images/S6ufvYWTqQ0_00005.jpg|My brothers are not as interested as i am.
SE97Kgi0sR4_00002|wavs/SE97Kgi0sR4_00002.wav|images/SE97Kgi0sR4_00002.jpg|They also monitored the internet and social media to monitor the progress of.
SFnMTHhKdkw_00004|wavs/SFnMTHhKdkw_00004.wav|images/SFnMTHhKdkw_00004.jpg|I have looked at the best and i've looked at some of the worst.
SN7wO06Yz1E_00003|wavs/SN7wO06Yz1E_00003.wav|images/SN7wO06Yz1E_00003.jpg|What is the abstraction.
SS8TSf2srSw_00003|wavs/SS8TSf2srSw_00003.wav|images/SS8TSf2srSw_00003.jpg|That was her fight.
SSzRfSJTNW4_00003|wavs/SSzRfSJTNW4_00003.wav|images/SSzRfSJTNW4_00003.jpg|Why do we need to study this anymore.
SWiwSBLXS3k_00002|wavs/SWiwSBLXS3k_00002.wav|images/SWiwSBLXS3k_00002.jpg|They met together.
SWvJxasiSZ8_00005|wavs/SWvJxasiSZ8_00005.wav|images/SWvJxasiSZ8_00005.jpg|I don't know.
Sa27SUR0Mlo_00002|wavs/Sa27SUR0Mlo_00002.wav|images/Sa27SUR0Mlo_00002.jpg|It's a coming of age for bringing data into the humanitarian world.
SaouBn7IKIo_00002|wavs/SaouBn7IKIo_00002.wav|images/SaouBn7IKIo_00002.jpg|Which brought us to this.
Sew0bn8mGAA_00004|wavs/Sew0bn8mGAA_00004.wav|images/Sew0bn8mGAA_00004.jpg|What do they have.
SnSHsb5xKPo_00002|wavs/SnSHsb5xKPo_00002.wav|images/SnSHsb5xKPo_00002.jpg|It should be inspiring.
SpTGUTSFvf4_00003|wavs/SpTGUTSFvf4_00003.wav|images/SpTGUTSFvf4_00003.jpg|Even that wasn't enough.
SsqlpgMKjyU_00002|wavs/SsqlpgMKjyU_00002.wav|images/SsqlpgMKjyU_00002.jpg|I didn't talk to them.
Sv5QitqbxJw_00004|wavs/Sv5QitqbxJw_00004.wav|images/Sv5QitqbxJw_00004.jpg|And they don't need to ask for permission.
TDaFwnOiKVE_00003|wavs/TDaFwnOiKVE_00003.wav|images/TDaFwnOiKVE_00003.jpg|This isn't information.
TGZMSmcuiXM_00002|wavs/TGZMSmcuiXM_00002.wav|images/TGZMSmcuiXM_00002.jpg|It was incredibly hot.
TScetimMBL8_00003|wavs/TScetimMBL8_00003.wav|images/TScetimMBL8_00003.jpg|That's nothing special.
TVtgb153S6I_00002|wavs/TVtgb153S6I_00002.wav|images/TVtgb153S6I_00002.jpg|This is not a photo profile for your facebook.
U6FvJ6jMGHU_00003|wavs/U6FvJ6jMGHU_00003.wav|images/U6FvJ6jMGHU_00003.jpg|So to summarize if we could offer a top quality education to everyone around the world for free.
U6PoUg7jXsA_00002|wavs/U6PoUg7jXsA_00002.wav|images/U6PoUg7jXsA_00002.jpg|Do you remember what it was.
UAj1hsXp18c_00003|wavs/UAj1hsXp18c_00003.wav|images/UAj1hsXp18c_00003.jpg|I will not be played.
UAq4yBdSYZs_00002|wavs/UAq4yBdSYZs_00002.wav|images/UAq4yBdSYZs_00002.jpg|They will sit in them forever.
UMhLBPPtlrY_00004|wavs/UMhLBPPtlrY_00004.wav|images/UMhLBPPtlrY_00004.jpg|What if obesity isn't the cause of insulin resistance at all.
UZmXwOgNq7c_00002|wavs/UZmXwOgNq7c_00002.wav|images/UZmXwOgNq7c_00002.jpg|So what can we do.
UmvOgW6iV2s_00002|wavs/UmvOgW6iV2s_00002.wav|images/UmvOgW6iV2s_00002.jpg|That's what texting is.
Us70DN2XSfM_00002|wavs/Us70DN2XSfM_00002.wav|images/Us70DN2XSfM_00002.jpg|You can't run around in the dark.
UtBsl3j0YRQ_00004|wavs/UtBsl3j0YRQ_00004.wav|images/UtBsl3j0YRQ_00004.jpg|We have to get quiet.
V1yW5IsnSjo_00003|wavs/V1yW5IsnSjo_00003.wav|images/V1yW5IsnSjo_00003.jpg|Which is why that ivy league degree and the wall street job and his bright shiny future.
V4sSabKqyMU_00002|wavs/V4sSabKqyMU_00002.wav|images/V4sSabKqyMU_00002.jpg|And i went back home and i said daddy i don't know who i am.
VAJS5J21Rd0_00003|wavs/VAJS5J21Rd0_00003.wav|images/VAJS5J21Rd0_00003.jpg|Are they a potential mate.
VIgzTLDyObo_00002|wavs/VIgzTLDyObo_00002.wav|images/VIgzTLDyObo_00002.jpg|Often what happens is you're planning so hard for like how do i get through the hardest part.
VSLurJfOSiA_00002|wavs/VSLurJfOSiA_00002.wav|images/VSLurJfOSiA_00002.jpg|You were born to.
VfAiNX7jn9A_00004|wavs/VfAiNX7jn9A_00004.wav|images/VfAiNX7jn9A_00004.jpg|And that's what we did.
VsjTVGIw4z8_00005|wavs/VsjTVGIw4z8_00005.wav|images/VsjTVGIw4z8_00005.jpg|Okay then we can make a mobile geiger counter.
VxESitIllxE_00002|wavs/VxESitIllxE_00002.wav|images/VxESitIllxE_00002.jpg|No plankton means no fish.
VzyjDRSAWzE_00002|wavs/VzyjDRSAWzE_00002.wav|images/VzyjDRSAWzE_00002.jpg|It's an automatic process.
WFCvkkDSfIU_00003|wavs/WFCvkkDSfIU_00003.wav|images/WFCvkkDSfIU_00003.jpg|And this idea is actually nothing new.
WT7VMrxTPPA_00003|wavs/WT7VMrxTPPA_00003.wav|images/WT7VMrxTPPA_00003.jpg|I mean i thought poetry was just self expression.
XBJQENjZJaA_00002|wavs/XBJQENjZJaA_00002.wav|images/XBJQENjZJaA_00002.jpg|How is that possible.
XESFPEFpHt4_00002|wavs/XESFPEFpHt4_00002.wav|images/XESFPEFpHt4_00002.jpg|You can walk around them.
XFnGhrCS3Gs_00005|wavs/XFnGhrCS3Gs_00005.wav|images/XFnGhrCS3Gs_00005.jpg|It would skip a beat.
XYNUpQrZISc_00002|wavs/XYNUpQrZISc_00002.wav|images/XYNUpQrZISc_00002.jpg|That will change everything when we see that.
YyXRYgjQXX0_00002|wavs/YyXRYgjQXX0_00002.wav|images/YyXRYgjQXX0_00002.jpg|And he said well i just care so deeply about my customers that i would never sell them one of our crappy products.
YzGjO5aHShQ_00004|wavs/YzGjO5aHShQ_00004.wav|images/YzGjO5aHShQ_00004.jpg|I was talking about interaction design.
ZJNESMhIxQ0_00002|wavs/ZJNESMhIxQ0_00002.wav|images/ZJNESMhIxQ0_00002.jpg|Now at that time camden new jersey was the most dangerous city in america.
ZnCSUBmeRxw_00004|wavs/ZnCSUBmeRxw_00004.wav|images/ZnCSUBmeRxw_00004.jpg|But just imagine for a moment what this must feel like.
Zo62S0ulqhA_00003|wavs/Zo62S0ulqhA_00003.wav|images/Zo62S0ulqhA_00003.jpg|He could come over and help me.
aSavBsX60Ss_00003|wavs/aSavBsX60Ss_00003.wav|images/aSavBsX60Ss_00003.jpg|So naturally i asked what is african.
akiQuyhXR8o_00002|wavs/akiQuyhXR8o_00002.wav|images/akiQuyhXR8o_00002.jpg|I'm not short.
aoGJP02CtPA_00003|wavs/aoGJP02CtPA_00003.wav|images/aoGJP02CtPA_00003.jpg|Effectively the taliban create a complete blackout of any other source of information.
aupPrDnhrKA_00002|wavs/aupPrDnhrKA_00002.wav|images/aupPrDnhrKA_00002.jpg|I'll let you continue.
bArH8r8jJ4g_00002|wavs/bArH8r8jJ4g_00002.wav|images/bArH8r8jJ4g_00002.jpg|None of these studies found that people spend more on drinking or smoking or that people.
bS6SiVz1R0o_00002|wavs/bS6SiVz1R0o_00002.wav|images/bS6SiVz1R0o_00002.jpg|You just move away.
